Archive member included to satisfy reference by file (symbol)

c:/st/stm32cubeide_1.3.0/stm32cubeide/plugins/com.st.stm32cube.ide.mcu.externaltools.gnu-tools-for-stm32.7-2018-q2-update.win32_1.4.0.202007081208/tools/bin/../lib/gcc/arm-none-eabi/7.3.1/../../../../arm-none-eabi/lib/thumb/v7e-m/fpv4-sp/hard\libstdc++_nano.a(pure.o)
                              APP/Src/Task/ROSComms/ROSComms.o (__cxa_pure_virtual)
c:/st/stm32cubeide_1.3.0/stm32cubeide/plugins/com.st.stm32cube.ide.mcu.externaltools.gnu-tools-for-stm32.7-2018-q2-update.win32_1.4.0.202007081208/tools/bin/../lib/gcc/arm-none-eabi/7.3.1/../../../../arm-none-eabi/lib/thumb/v7e-m/fpv4-sp/hard\libstdc++_nano.a(eh_terminate.o)
                              c:/st/stm32cubeide_1.3.0/stm32cubeide/plugins/com.st.stm32cube.ide.mcu.externaltools.gnu-tools-for-stm32.7-2018-q2-update.win32_1.4.0.202007081208/tools/bin/../lib/gcc/arm-none-eabi/7.3.1/../../../../arm-none-eabi/lib/thumb/v7e-m/fpv4-sp/hard\libstdc++_nano.a(pure.o) (std::terminate())
c:/st/stm32cubeide_1.3.0/stm32cubeide/plugins/com.st.stm32cube.ide.mcu.externaltools.gnu-tools-for-stm32.7-2018-q2-update.win32_1.4.0.202007081208/tools/bin/../lib/gcc/arm-none-eabi/7.3.1/../../../../arm-none-eabi/lib/thumb/v7e-m/fpv4-sp/hard\libstdc++_nano.a(eh_unex_handler.o)
                              c:/st/stm32cubeide_1.3.0/stm32cubeide/plugins/com.st.stm32cube.ide.mcu.externaltools.gnu-tools-for-stm32.7-2018-q2-update.win32_1.4.0.202007081208/tools/bin/../lib/gcc/arm-none-eabi/7.3.1/../../../../arm-none-eabi/lib/thumb/v7e-m/fpv4-sp/hard\libstdc++_nano.a(eh_terminate.o) (__cxxabiv1::__unexpected_handler)
c:/st/stm32cubeide_1.3.0/stm32cubeide/plugins/com.st.stm32cube.ide.mcu.externaltools.gnu-tools-for-stm32.7-2018-q2-update.win32_1.4.0.202007081208/tools/bin/../lib/gcc/arm-none-eabi/7.3.1/../../../../arm-none-eabi/lib/thumb/v7e-m/fpv4-sp/hard\libstdc++_nano.a(eh_term_handler.o)
                              c:/st/stm32cubeide_1.3.0/stm32cubeide/plugins/com.st.stm32cube.ide.mcu.externaltools.gnu-tools-for-stm32.7-2018-q2-update.win32_1.4.0.202007081208/tools/bin/../lib/gcc/arm-none-eabi/7.3.1/../../../../arm-none-eabi/lib/thumb/v7e-m/fpv4-sp/hard\libstdc++_nano.a(eh_terminate.o) (__cxxabiv1::__terminate_handler)
c:/st/stm32cubeide_1.3.0/stm32cubeide/plugins/com.st.stm32cube.ide.mcu.externaltools.gnu-tools-for-stm32.7-2018-q2-update.win32_1.4.0.202007081208/tools/bin/../lib/gcc/arm-none-eabi/7.3.1/../../../../arm-none-eabi/lib/thumb/v7e-m/fpv4-sp/hard\libc_nano.a(lib_a-abort.o)
                              c:/st/stm32cubeide_1.3.0/stm32cubeide/plugins/com.st.stm32cube.ide.mcu.externaltools.gnu-tools-for-stm32.7-2018-q2-update.win32_1.4.0.202007081208/tools/bin/../lib/gcc/arm-none-eabi/7.3.1/../../../../arm-none-eabi/lib/thumb/v7e-m/fpv4-sp/hard\libstdc++_nano.a(eh_terminate.o) (abort)
c:/st/stm32cubeide_1.3.0/stm32cubeide/plugins/com.st.stm32cube.ide.mcu.externaltools.gnu-tools-for-stm32.7-2018-q2-update.win32_1.4.0.202007081208/tools/bin/../lib/gcc/arm-none-eabi/7.3.1/../../../../arm-none-eabi/lib/thumb/v7e-m/fpv4-sp/hard\libc_nano.a(lib_a-errno.o)
                              Core/Src/syscalls.o (__errno)
c:/st/stm32cubeide_1.3.0/stm32cubeide/plugins/com.st.stm32cube.ide.mcu.externaltools.gnu-tools-for-stm32.7-2018-q2-update.win32_1.4.0.202007081208/tools/bin/../lib/gcc/arm-none-eabi/7.3.1/../../../../arm-none-eabi/lib/thumb/v7e-m/fpv4-sp/hard\libc_nano.a(lib_a-exit.o)
                              c:/st/stm32cubeide_1.3.0/stm32cubeide/plugins/com.st.stm32cube.ide.mcu.externaltools.gnu-tools-for-stm32.7-2018-q2-update.win32_1.4.0.202007081208/tools/bin/../lib/gcc/arm-none-eabi/7.3.1/../../../../arm-none-eabi/lib/thumb/v7e-m/fpv4-sp/hard/crt0.o (exit)
c:/st/stm32cubeide_1.3.0/stm32cubeide/plugins/com.st.stm32cube.ide.mcu.externaltools.gnu-tools-for-stm32.7-2018-q2-update.win32_1.4.0.202007081208/tools/bin/../lib/gcc/arm-none-eabi/7.3.1/../../../../arm-none-eabi/lib/thumb/v7e-m/fpv4-sp/hard\libc_nano.a(lib_a-impure.o)
                              c:/st/stm32cubeide_1.3.0/stm32cubeide/plugins/com.st.stm32cube.ide.mcu.externaltools.gnu-tools-for-stm32.7-2018-q2-update.win32_1.4.0.202007081208/tools/bin/../lib/gcc/arm-none-eabi/7.3.1/../../../../arm-none-eabi/lib/thumb/v7e-m/fpv4-sp/hard\libc_nano.a(lib_a-exit.o) (_global_impure_ptr)
c:/st/stm32cubeide_1.3.0/stm32cubeide/plugins/com.st.stm32cube.ide.mcu.externaltools.gnu-tools-for-stm32.7-2018-q2-update.win32_1.4.0.202007081208/tools/bin/../lib/gcc/arm-none-eabi/7.3.1/../../../../arm-none-eabi/lib/thumb/v7e-m/fpv4-sp/hard\libc_nano.a(lib_a-init.o)
                              c:/st/stm32cubeide_1.3.0/stm32cubeide/plugins/com.st.stm32cube.ide.mcu.externaltools.gnu-tools-for-stm32.7-2018-q2-update.win32_1.4.0.202007081208/tools/bin/../lib/gcc/arm-none-eabi/7.3.1/../../../../arm-none-eabi/lib/thumb/v7e-m/fpv4-sp/hard/crt0.o (__libc_init_array)
[...]
Memory Configuration

Name             Origin             Length             Attributes
CCMRAM           0x0000000010000000 0x0000000000010000 xrw
RAM              0x0000000020000000 0x0000000000020000 xrw
FLASH            0x0000000008000000 0x0000000000100000 xr
*default*        0x0000000000000000 0xffffffffffffffff

Linker script and memory map

LOAD c:/st/stm32cubeide_1.3.0/stm32cubeide/plugins/com.st.stm32cube.ide.mcu.externaltools.gnu-tools-for-stm32.7-2018-q2-update.win32_1.4.0.202007081208/tools/bin/../lib/gcc/arm-none-eabi/7.3.1/thumb/v7e-m/fpv4-sp/hard/crti.o
LOAD c:/st/stm32cubeide_1.3.0/stm32cubeide/plugins/com.st.stm32cube.ide.mcu.externaltools.gnu-tools-for-stm32.7-2018-q2-update.win32_1.4.0.202007081208/tools/bin/../lib/gcc/arm-none-eabi/7.3.1/thumb/v7e-m/fpv4-sp/hard/crtbegin.o
LOAD c:/st/stm32cubeide_1.3.0/stm32cubeide/plugins/com.st.stm32cube.ide.mcu.externaltools.gnu-tools-for-stm32.7-2018-q2-update.win32_1.4.0.202007081208/tools/bin/../lib/gcc/arm-none-eabi/7.3.1/../../../../arm-none-eabi/lib/thumb/v7e-m/fpv4-sp/hard/crt0.o
LOAD APP/Inc/ROSSerial/duration.o
LOAD APP/Inc/ROSSerial/time.o
LOAD APP/Src/Encoder.o
LOAD APP/Src/Motor.o
LOAD APP/Src/Task/PID/PID.o
LOAD APP/Src/Task/PID/PID1.o
LOAD APP/Src/Task/PID/PID2.o
LOAD APP/Src/Task/PID/PID3.o
LOAD APP/Src/Task/ROSComms/ROSComms.o
LOAD Core/Src/dma.o
LOAD Core/Src/freertos.o
LOAD Core/Src/gpio.o
LOAD Core/Src/main.o
LOAD Core/Src/stm32f4xx_hal_msp.o
LOAD Core/Src/stm32f4xx_hal_timebase_tim.o
LOAD Core/Src/stm32f4xx_it.o
LOAD Core/Src/syscalls.o
LOAD Core/Src/sysmem.o
LOAD Core/Src/system_stm32f4xx.o
LOAD Core/Src/tim.o
LOAD Core/Src/usart.o
LOAD Core/Startup/startup_stm32f407vgtx.o
LOAD Drivers/STM32F4xx_HAL_Driver/Src/stm32f4xx_hal.o
LOAD Drivers/STM32F4xx_HAL_Driver/Src/stm32f4xx_hal_cortex.o
LOAD Drivers/STM32F4xx_HAL_Driver/Src/stm32f4xx_hal_dma.o
LOAD Drivers/STM32F4xx_HAL_Driver/Src/stm32f4xx_hal_dma_ex.o
LOAD Drivers/STM32F4xx_HAL_Driver/Src/stm32f4xx_hal_exti.o
LOAD Drivers/STM32F4xx_HAL_Driver/Src/stm32f4xx_hal_flash.o
LOAD Drivers/STM32F4xx_HAL_Driver/Src/stm32f4xx_hal_flash_ex.o
LOAD Drivers/STM32F4xx_HAL_Driver/Src/stm32f4xx_hal_flash_ramfunc.o
LOAD Drivers/STM32F4xx_HAL_Driver/Src/stm32f4xx_hal_gpio.o
LOAD Drivers/STM32F4xx_HAL_Driver/Src/stm32f4xx_hal_pwr.o
LOAD Drivers/STM32F4xx_HAL_Driver/Src/stm32f4xx_hal_pwr_ex.o
LOAD Drivers/STM32F4xx_HAL_Driver/Src/stm32f4xx_hal_rcc.o
LOAD Drivers/STM32F4xx_HAL_Driver/Src/stm32f4xx_hal_rcc_ex.o
LOAD Drivers/STM32F4xx_HAL_Driver/Src/stm32f4xx_hal_tim.o
LOAD Drivers/STM32F4xx_HAL_Driver/Src/stm32f4xx_hal_tim_ex.o
LOAD Drivers/STM32F4xx_HAL_Driver/Src/stm32f4xx_hal_uart.o
LOAD Middlewares/Third_Party/FreeRTOS/Source/CMSIS_RTOS/cmsis_os.o
LOAD Middlewares/Third_Party/FreeRTOS/Source/croutine.o
LOAD Middlewares/Third_Party/FreeRTOS/Source/event_groups.o
LOAD Middlewares/Third_Party/FreeRTOS/Source/list.o
LOAD Middlewares/Third_Party/FreeRTOS/Source/queue.o
LOAD Middlewares/Third_Party/FreeRTOS/Source/stream_buffer.o
LOAD Middlewares/Third_Party/FreeRTOS/Source/tasks.o
LOAD Middlewares/Third_Party/FreeRTOS/Source/timers.o
LOAD Middlewares/Third_Party/FreeRTOS/Source/portable/GCC/ARM_CM4F/port.o
LOAD Middlewares/Third_Party/FreeRTOS/Source/portable/MemMang/heap_4.o
START GROUP
LOAD c:/st/stm32cubeide_1.3.0/stm32cubeide/plugins/com.st.stm32cube.ide.mcu.externaltools.gnu-tools-for-stm32.7-2018-q2-update.win32_1.4.0.202007081208/tools/bin/../lib/gcc/arm-none-eabi/7.3.1/../../../../arm-none-eabi/lib/thumb/v7e-m/fpv4-sp/hard\libstdc++_nano.a
LOAD c:/st/stm32cubeide_1.3.0/stm32cubeide/plugins/com.st.stm32cube.ide.mcu.externaltools.gnu-tools-for-stm32.7-2018-q2-update.win32_1.4.0.202007081208/tools/bin/../lib/gcc/arm-none-eabi/7.3.1/../../../../arm-none-eabi/lib/thumb/v7e-m/fpv4-sp/hard\libsupc++_nano.a
END GROUP
LOAD c:/st/stm32cubeide_1.3.0/stm32cubeide/plugins/com.st.stm32cube.ide.mcu.externaltools.gnu-tools-for-stm32.7-2018-q2-update.win32_1.4.0.202007081208/tools/bin/../lib/gcc/arm-none-eabi/7.3.1/../../../../arm-none-eabi/lib/thumb/v7e-m/fpv4-sp/hard\libstdc++_nano.a
LOAD c:/st/stm32cubeide_1.3.0/stm32cubeide/plugins/com.st.stm32cube.ide.mcu.externaltools.gnu-tools-for-stm32.7-2018-q2-update.win32_1.4.0.202007081208/tools/bin/../lib/gcc/arm-none-eabi/7.3.1/../../../../arm-none-eabi/lib/thumb/v7e-m/fpv4-sp/hard\libm.a
LOAD c:/st/stm32cubeide_1.3.0/stm32cubeide/plugins/com.st.stm32cube.ide.mcu.externaltools.gnu-tools-for-stm32.7-2018-q2-update.win32_1.4.0.202007081208/tools/bin/../lib/gcc/arm-none-eabi/7.3.1/../../../../arm-none-eabi/lib/thumb/v7e-m/fpv4-sp/hard\libc_nano.a
START GROUP
LOAD c:/st/stm32cubeide_1.3.0/stm32cubeide/plugins/com.st.stm32cube.ide.mcu.externaltools.gnu-tools-for-stm32.7-2018-q2-update.win32_1.4.0.202007081208/tools/bin/../lib/gcc/arm-none-eabi/7.3.1/thumb/v7e-m/fpv4-sp/hard\libgcc.a
LOAD c:/st/stm32cubeide_1.3.0/stm32cubeide/plugins/com.st.stm32cube.ide.mcu.externaltools.gnu-tools-for-stm32.7-2018-q2-update.win32_1.4.0.202007081208/tools/bin/../lib/gcc/arm-none-eabi/7.3.1/../../../../arm-none-eabi/lib/thumb/v7e-m/fpv4-sp/hard\libc_nano.a
END GROUP
START GROUP
LOAD c:/st/stm32cubeide_1.3.0/stm32cubeide/plugins/com.st.stm32cube.ide.mcu.externaltools.gnu-tools-for-stm32.7-2018-q2-update.win32_1.4.0.202007081208/tools/bin/../lib/gcc/arm-none-eabi/7.3.1/thumb/v7e-m/fpv4-sp/hard\libgcc.a
LOAD c:/st/stm32cubeide_1.3.0/stm32cubeide/plugins/com.st.stm32cube.ide.mcu.externaltools.gnu-tools-for-stm32.7-2018-q2-update.win32_1.4.0.202007081208/tools/bin/../lib/gcc/arm-none-eabi/7.3.1/../../../../arm-none-eabi/lib/thumb/v7e-m/fpv4-sp/hard\libc_nano.a
LOAD c:/st/stm32cubeide_1.3.0/stm32cubeide/plugins/com.st.stm32cube.ide.mcu.externaltools.gnu-tools-for-stm32.7-2018-q2-update.win32_1.4.0.202007081208/tools/bin/../lib/gcc/arm-none-eabi/7.3.1/../../../../arm-none-eabi/lib/thumb/v7e-m/fpv4-sp/hard\libnosys.a
END GROUP
START GROUP
LOAD c:/st/stm32cubeide_1.3.0/stm32cubeide/plugins/com.st.stm32cube.ide.mcu.externaltools.gnu-tools-for-stm32.7-2018-q2-update.win32_1.4.0.202007081208/tools/bin/../lib/gcc/arm-none-eabi/7.3.1/thumb/v7e-m/fpv4-sp/hard\libgcc.a
LOAD c:/st/stm32cubeide_1.3.0/stm32cubeide/plugins/com.st.stm32cube.ide.mcu.externaltools.gnu-tools-for-stm32.7-2018-q2-update.win32_1.4.0.202007081208/tools/bin/../lib/gcc/arm-none-eabi/7.3.1/../../../../arm-none-eabi/lib/thumb/v7e-m/fpv4-sp/hard\libc_nano.a
LOAD c:/st/stm32cubeide_1.3.0/stm32cubeide/plugins/com.st.stm32cube.ide.mcu.externaltools.gnu-tools-for-stm32.7-2018-q2-update.win32_1.4.0.202007081208/tools/bin/../lib/gcc/arm-none-eabi/7.3.1/../../../../arm-none-eabi/lib/thumb/v7e-m/fpv4-sp/hard\libnosys.a
END GROUP
LOAD c:/st/stm32cubeide_1.3.0/stm32cubeide/plugins/com.st.stm32cube.ide.mcu.externaltools.gnu-tools-for-stm32.7-2018-q2-update.win32_1.4.0.202007081208/tools/bin/../lib/gcc/arm-none-eabi/7.3.1/thumb/v7e-m/fpv4-sp/hard/crtend.o
LOAD c:/st/stm32cubeide_1.3.0/stm32cubeide/plugins/com.st.stm32cube.ide.mcu.externaltools.gnu-tools-for-stm32.7-2018-q2-update.win32_1.4.0.202007081208/tools/bin/../lib/gcc/arm-none-eabi/7.3.1/thumb/v7e-m/fpv4-sp/hard/crtn.o
                0x0000000020020000                _estack = (ORIGIN (RAM) + LENGTH (RAM))
                0x0000000000000200                _Min_Heap_Size = 0x200
                0x0000000000000400                _Min_Stack_Size = 0x400

.isr_vector     0x0000000008000000      0x188
                0x0000000008000000                . = ALIGN (0x4)
 *(.isr_vector)
 .isr_vector    0x0000000008000000      0x188 Core/Startup/startup_stm32f407vgtx.o
                0x0000000008000000                g_pfnVectors
                0x0000000008000188                . = ALIGN (0x4)

.text           0x0000000008000190     0x73f4
                0x0000000008000190                . = ALIGN (0x4)
 *(.text)
 .text          0x0000000008000190       0x40 c:/st/stm32cubeide_1.3.0/stm32cubeide/plugins/com.st.stm32cube.ide.mcu.externaltools.gnu-tools-for-stm32.7-2018-q2-update.win32_1.4.0.202007081208/tools/bin/../lib/gcc/arm-none-eabi/7.3.1/thumb/v7e-m/fpv4-sp/hard/crtbegin.o
 .text          0x00000000080001d0       0x10 c:/st/stm32cubeide_1.3.0/stm32cubeide/plugins/com.st.stm32cube.ide.mcu.externaltools.gnu-tools-for-stm32.7-2018-q2-update.win32_1.4.0.202007081208/tools/bin/../lib/gcc/arm-none-eabi/7.3.1/../../../../arm-none-eabi/lib/thumb/v7e-m/fpv4-sp/hard\libc_nano.a(lib_a-strlen.o)
                0x00000000080001d0                strlen
 .text          0x00000000080001e0       0x30 c:/st/stm32cubeide_1.3.0/stm32cubeide/plugins/com.st.stm32cube.ide.mcu.externaltools.gnu-tools-for-stm32.7-2018-q2-update.win32_1.4.0.202007081208/tools/bin/../lib/gcc/arm-none-eabi/7.3.1/thumb/v7e-m/fpv4-sp/hard\libgcc.a(_aeabi_uldivmod.o)
                0x00000000080001e0                __aeabi_uldivmod
 .text          0x0000000008000210      0x2cc c:/st/stm32cubeide_1.3.0/stm32cubeide/plugins/com.st.stm32cube.ide.mcu.externaltools.gnu-tools-for-stm32.7-2018-q2-update.win32_1.4.0.202007081208/tools/bin/../lib/gcc/arm-none-eabi/7.3.1/thumb/v7e-m/fpv4-sp/hard\libgcc.a(_udivmoddi4.o)
                0x0000000008000210                __udivmoddi4
 .text          0x00000000080004dc        0x4 c:/st/stm32cubeide_1.3.0/stm32cubeide/plugins/com.st.stm32cube.ide.mcu.externaltools.gnu-tools-for-stm32.7-2018-q2-update.win32_1.4.0.202007081208/tools/bin/../lib/gcc/arm-none-eabi/7.3.1/thumb/v7e-m/fpv4-sp/hard\libgcc.a(_dvmd_tls.o)
                0x00000000080004dc                __aeabi_idiv0
                0x00000000080004dc                __aeabi_ldiv0
 *(.text*)
 .text._ZN3ros16normalizeSecNSecERmS0_
                0x00000000080004e0       0x58 APP/Inc/ROSSerial/time.o
                0x00000000080004e0                ros::normalizeSecNSec(unsigned long&, unsigned long&)
 .text._ZN3ros4TimeC2Ev
                0x0000000008000538       0x22 APP/Src/Task/ROSComms/ROSComms.o
                0x0000000008000538                ros::Time::Time()
                0x0000000008000538                ros::Time::Time()
 *fill*         0x000000000800055a        0x2 
 .text._ZN3ros3MsgC2Ev
                0x000000000800055c       0x20 APP/Src/Task/ROSComms/ROSComms.o
                0x000000000800055c                ros::Msg::Msg()
                0x000000000800055c                ros::Msg::Msg()
 .text._ZN8std_msgs4TimeC2Ev
                0x000000000800057c       0x30 APP/Src/Task/ROSComms/ROSComms.o
                0x000000000800057c                std_msgs::Time::Time()
                0x000000000800057c                std_msgs::Time::Time()
 .text._ZNK8std_msgs4Time9serializeEPh
                0x00000000080005ac       0xb0 APP/Src/Task/ROSComms/ROSComms.o
                0x00000000080005ac                std_msgs::Time::serialize(unsigned char*) const
 .text._ZN8std_msgs4Time11deserializeEPh
                0x000000000800065c       0xc8 APP/Src/Task/ROSComms/ROSComms.o
                0x000000000800065c                std_msgs::Time::deserialize(unsigned char*)
 .text._ZN8std_msgs4Time7getTypeEv
                0x0000000008000724       0x1c APP/Src/Task/ROSComms/ROSComms.o
                0x0000000008000724                std_msgs::Time::getType()
 .text._ZN8std_msgs4Time6getMD5Ev
                0x0000000008000740       0x1c APP/Src/Task/ROSComms/ROSComms.o
                0x0000000008000740                std_msgs::Time::getMD5()
 .text._ZN14rosserial_msgs9TopicInfoC2Ev
                0x000000000800075c       0x48 APP/Src/Task/ROSComms/ROSComms.o
                0x000000000800075c                rosserial_msgs::TopicInfo::TopicInfo()
                0x000000000800075c                rosserial_msgs::TopicInfo::TopicInfo()
 .text._ZNK14rosserial_msgs9TopicInfo9serializeEPh
                0x00000000080007a4      0x136 APP/Src/Task/ROSComms/ROSComms.o
                0x00000000080007a4                rosserial_msgs::TopicInfo::serialize(unsigned char*) const
 .text._ZN14rosserial_msgs9TopicInfo11deserializeEPh
                0x00000000080008da      0x1d0 APP/Src/Task/ROSComms/ROSComms.o
                0x00000000080008da                rosserial_msgs::TopicInfo::deserialize(unsigned char*)
 *fill*         0x0000000008000aaa        0x2 
 .text._ZN14rosserial_msgs9TopicInfo7getTypeEv
                0x0000000008000aac       0x1c APP/Src/Task/ROSComms/ROSComms.o
                0x0000000008000aac                rosserial_msgs::TopicInfo::getType()
 .text._ZN14rosserial_msgs9TopicInfo6getMD5Ev
                0x0000000008000ac8       0x1c APP/Src/Task/ROSComms/ROSComms.o
                0x0000000008000ac8                rosserial_msgs::TopicInfo::getMD5()
 .text._ZN14rosserial_msgs3LogC2Ev
                0x0000000008000ae4       0x34 APP/Src/Task/ROSComms/ROSComms.o
                0x0000000008000ae4                rosserial_msgs::Log::Log()
                0x0000000008000ae4                rosserial_msgs::Log::Log()
 .text._ZNK14rosserial_msgs3Log9serializeEPh
                0x0000000008000b18       0x64 APP/Src/Task/ROSComms/ROSComms.o
                0x0000000008000b18                rosserial_msgs::Log::serialize(unsigned char*) const
 .text._ZN14rosserial_msgs3Log11deserializeEPh
                0x0000000008000b7c       0x90 APP/Src/Task/ROSComms/ROSComms.o
                0x0000000008000b7c                rosserial_msgs::Log::deserialize(unsigned char*)
 .text._ZN14rosserial_msgs3Log7getTypeEv
                0x0000000008000c0c       0x1c APP/Src/Task/ROSComms/ROSComms.o
                0x0000000008000c0c                rosserial_msgs::Log::getType()
 .text._ZN14rosserial_msgs3Log6getMD5Ev
                0x0000000008000c28       0x1c APP/Src/Task/ROSComms/ROSComms.o
                0x0000000008000c28                rosserial_msgs::Log::getMD5()
 .text._ZN14rosserial_msgs20RequestParamResponseC2Ev
                0x0000000008000c44       0x5c APP/Src/Task/ROSComms/ROSComms.o
                0x0000000008000c44                rosserial_msgs::RequestParamResponse::RequestParamResponse()
                0x0000000008000c44                rosserial_msgs::RequestParamResponse::RequestParamResponse()
 .text._ZNK14rosserial_msgs20RequestParamResponse9serializeEPh
                0x0000000008000ca0      0x222 APP/Src/Task/ROSComms/ROSComms.o
                0x0000000008000ca0                rosserial_msgs::RequestParamResponse::serialize(unsigned char*) const
 .text._ZN14rosserial_msgs20RequestParamResponse11deserializeEPh
                0x0000000008000ec2      0x2e2 APP/Src/Task/ROSComms/ROSComms.o
                0x0000000008000ec2                rosserial_msgs::RequestParamResponse::deserialize(unsigned char*)
 .text._ZN14rosserial_msgs20RequestParamResponse7getTypeEv
                0x00000000080011a4       0x1c APP/Src/Task/ROSComms/ROSComms.o
                0x00000000080011a4                rosserial_msgs::RequestParamResponse::getType()
 .text._ZN14rosserial_msgs20RequestParamResponse6getMD5Ev
                0x00000000080011c0       0x1c APP/Src/Task/ROSComms/ROSComms.o
                0x00000000080011c0                rosserial_msgs::RequestParamResponse::getMD5()
 .text._ZN3ros9PublisherC2EPKcPNS_3MsgEi
                0x00000000080011dc       0x2e APP/Src/Task/ROSComms/ROSComms.o
                0x00000000080011dc                ros::Publisher::Publisher(char const*, ros::Msg*, int)
                0x00000000080011dc                ros::Publisher::Publisher(char const*, ros::Msg*, int)
 .text._ZN3ros9Publisher7publishEPKNS_3MsgE
                0x000000000800120a       0x28 APP/Src/Task/ROSComms/ROSComms.o
                0x000000000800120a                ros::Publisher::publish(ros::Msg const*)
 .text._ZN3ros9Publisher15getEndpointTypeEv
                0x0000000008001232       0x18 APP/Src/Task/ROSComms/ROSComms.o
                0x0000000008001232                ros::Publisher::getEndpointType()
 .text._ZN13STM32Hardware10getRdmaIndEv
                0x000000000800124a       0x24 APP/Src/Task/ROSComms/ROSComms.o
                0x000000000800124a                STM32Hardware::getRdmaInd()
 *fill*         0x000000000800126e        0x2 
 .text._ZN13STM32HardwareC2Ev
                0x0000000008001270       0x38 APP/Src/Task/ROSComms/ROSComms.o
                0x0000000008001270                STM32Hardware::STM32Hardware()
                0x0000000008001270                STM32Hardware::STM32Hardware()
 .text._ZN13STM32Hardware4initEv
                0x00000000080012a8       0x16 APP/Src/Task/ROSComms/ROSComms.o
                0x00000000080012a8                STM32Hardware::init()
 .text._ZN13STM32Hardware10reset_rbufEv
                0x00000000080012be       0x22 APP/Src/Task/ROSComms/ROSComms.o
                0x00000000080012be                STM32Hardware::reset_rbuf()
 .text._ZN13STM32Hardware4readEv
                0x00000000080012e0       0x5a APP/Src/Task/ROSComms/ROSComms.o
                0x00000000080012e0                STM32Hardware::read()
 *fill*         0x000000000800133a        0x2 
 .text._ZN13STM32Hardware5flushEv
                0x000000000800133c       0xbc APP/Src/Task/ROSComms/ROSComms.o
                0x000000000800133c                STM32Hardware::flush()
 .text._ZN13STM32Hardware5writeEPhi
                0x00000000080013f8       0x8c APP/Src/Task/ROSComms/ROSComms.o
                0x00000000080013f8                STM32Hardware::write(unsigned char*, int)
 .text._ZN13STM32Hardware4timeEv
                0x0000000008001484       0x16 APP/Src/Task/ROSComms/ROSComms.o
                0x0000000008001484                STM32Hardware::time()
 *fill*         0x000000000800149a        0x2 
 .text._ZN8std_msgs6StringC2Ev
                0x000000000800149c       0x30 APP/Src/Task/ROSComms/ROSComms.o
                0x000000000800149c                std_msgs::String::String()
                0x000000000800149c                std_msgs::String::String()
 .text._ZNK8std_msgs6String9serializeEPh
                0x00000000080014cc       0x52 APP/Src/Task/ROSComms/ROSComms.o
                0x00000000080014cc                std_msgs::String::serialize(unsigned char*) const
 .text._ZN8std_msgs6String11deserializeEPh
                0x000000000800151e       0x7e APP/Src/Task/ROSComms/ROSComms.o
                0x000000000800151e                std_msgs::String::deserialize(unsigned char*)
 .text._ZN8std_msgs6String7getTypeEv
                0x000000000800159c       0x1c APP/Src/Task/ROSComms/ROSComms.o
                0x000000000800159c                std_msgs::String::getType()
 .text._ZN8std_msgs6String6getMD5Ev
                0x00000000080015b8       0x1c APP/Src/Task/ROSComms/ROSComms.o
                0x00000000080015b8                std_msgs::String::getMD5()
 .text._ZN3ros15NodeHandleBase_C2Ev
                0x00000000080015d4       0x20 APP/Src/Task/ROSComms/ROSComms.o
                0x00000000080015d4                ros::NodeHandleBase_::NodeHandleBase_()
                0x00000000080015d4                ros::NodeHandleBase_::NodeHandleBase_()
 .text._ZN3ros11NodeHandle_I13STM32HardwareLi25ELi25ELi512ELi512EEC2Ev
                0x00000000080015f4       0xf0 APP/Src/Task/ROSComms/ROSComms.o
                0x00000000080015f4                ros::NodeHandle_<STM32Hardware, 25, 25, 512, 512>::NodeHandle_()
                0x00000000080015f4                ros::NodeHandle_<STM32Hardware, 25, 25, 512, 512>::NodeHandle_()
 .text.startROSSerialComms
                0x00000000080016e4       0x9c APP/Src/Task/ROSComms/ROSComms.o
                0x00000000080016e4                startROSSerialComms
 .text._ZN3ros3Msg8varToArrIPhmEEvT_T0_
                0x0000000008001780       0x3c APP/Src/Task/ROSComms/ROSComms.o
                0x0000000008001780                void ros::Msg::varToArr<unsigned char*, unsigned long>(unsigned char*, unsigned long)
 .text._ZN3ros3Msg8arrToVarImPhEEvRT_T0_
                0x00000000080017bc       0x4a APP/Src/Task/ROSComms/ROSComms.o
                0x00000000080017bc                void ros::Msg::arrToVar<unsigned long, unsigned char*>(unsigned long&, unsigned char*)
 .text._ZN3ros11NodeHandle_I13STM32HardwareLi25ELi25ELi512ELi512EE8initNodeEv
                0x0000000008001806       0x3a APP/Src/Task/ROSComms/ROSComms.o
                0x0000000008001806                ros::NodeHandle_<STM32Hardware, 25, 25, 512, 512>::initNode()
 .text._ZN3ros11NodeHandle_I13STM32HardwareLi25ELi25ELi512ELi512EE9advertiseERNS_9PublisherE
                0x0000000008001840       0x60 APP/Src/Task/ROSComms/ROSComms.o
                0x0000000008001840                ros::NodeHandle_<STM32Hardware, 25, 25, 512, 512>::advertise(ros::Publisher&)
 .text._ZN3ros11NodeHandle_I13STM32HardwareLi25ELi25ELi512ELi512EE8spinOnceEv
                0x00000000080018a0      0x3b8 APP/Src/Task/ROSComms/ROSComms.o
                0x00000000080018a0                ros::NodeHandle_<STM32Hardware, 25, 25, 512, 512>::spinOnce()
 .text._ZN3ros11NodeHandle_I13STM32HardwareLi25ELi25ELi512ELi512EE15requestSyncTimeEv
                0x0000000008001c58       0x3c APP/Src/Task/ROSComms/ROSComms.o
                0x0000000008001c58                ros::NodeHandle_<STM32Hardware, 25, 25, 512, 512>::requestSyncTime()
 .text._ZN3ros11NodeHandle_I13STM32HardwareLi25ELi25ELi512ELi512EE15negotiateTopicsEv
                0x0000000008001c94      0x1be APP/Src/Task/ROSComms/ROSComms.o
                0x0000000008001c94                ros::NodeHandle_<STM32Hardware, 25, 25, 512, 512>::negotiateTopics()
 *fill*         0x0000000008001e52        0x2 
 .text._ZN3ros11NodeHandle_I13STM32HardwareLi25ELi25ELi512ELi512EE8syncTimeEPh
                0x0000000008001e54       0x98 APP/Src/Task/ROSComms/ROSComms.o
                0x0000000008001e54                ros::NodeHandle_<STM32Hardware, 25, 25, 512, 512>::syncTime(unsigned char*)
 .text._ZN3ros11NodeHandle_I13STM32HardwareLi25ELi25ELi512ELi512EE7publishEiPKNS_3MsgE
                0x0000000008001eec      0x124 APP/Src/Task/ROSComms/ROSComms.o
                0x0000000008001eec                ros::NodeHandle_<STM32Hardware, 25, 25, 512, 512>::publish(int, ros::Msg const*)
 .text._ZN3ros11NodeHandle_I13STM32HardwareLi25ELi25ELi512ELi512EE6setNowERKNS_4TimeE
                0x0000000008002010       0x80 APP/Src/Task/ROSComms/ROSComms.o
                0x0000000008002010                ros::NodeHandle_<STM32Hardware, 25, 25, 512, 512>::setNow(ros::Time const&)
 .text._ZN3ros11NodeHandle_I13STM32HardwareLi25ELi25ELi512ELi512EE8logerrorEPKc
                0x0000000008002090       0x1c APP/Src/Task/ROSComms/ROSComms.o
                0x0000000008002090                ros::NodeHandle_<STM32Hardware, 25, 25, 512, 512>::logerror(char const*)
 .text._ZN3ros11NodeHandle_I13STM32HardwareLi25ELi25ELi512ELi512EE3logEcPKc
                0x00000000080020ac       0x38 APP/Src/Task/ROSComms/ROSComms.o
                0x00000000080020ac                ros::NodeHandle_<STM32Hardware, 25, 25, 512, 512>::log(char, char const*)
 .text._ZN3ros11NodeHandle_I13STM32HardwareLi25ELi25ELi512ELi512EE9connectedEv
                0x00000000080020e4       0x1a APP/Src/Task/ROSComms/ROSComms.o
                0x00000000080020e4                ros::NodeHandle_<STM32Hardware, 25, 25, 512, 512>::connected()
 *fill*         0x00000000080020fe        0x2 
 .text.MX_DMA_Init
                0x0000000008002100       0x50 Core/Src/dma.o
                0x0000000008002100                MX_DMA_Init
 .text.vApplicationGetIdleTaskMemory
                0x0000000008002150       0x34 Core/Src/freertos.o
                0x0000000008002150                vApplicationGetIdleTaskMemory
 .text.MX_FREERTOS_Init
                0x0000000008002184       0xf0 Core/Src/freertos.o
                0x0000000008002184                MX_FREERTOS_Init
 .text.StartDefaultTask
                0x0000000008002274       0x20 Core/Src/freertos.o
                0x0000000008002274                StartDefaultTask
 .text.startPID1
                0x0000000008002294       0x10 Core/Src/freertos.o
                0x0000000008002294                startPID1
 .text.startPID2
                0x00000000080022a4       0x10 Core/Src/freertos.o
                0x00000000080022a4                startPID2
 .text.startPID3
                0x00000000080022b4       0x10 Core/Src/freertos.o
                0x00000000080022b4                startPID3
 .text.startROSComms
                0x00000000080022c4       0x14 Core/Src/freertos.o
                0x00000000080022c4                startROSComms
 .text.MX_GPIO_Init
                0x00000000080022d8      0x130 Core/Src/gpio.o
                0x00000000080022d8                MX_GPIO_Init
 .text.main     0x0000000008002408       0x2a Core/Src/main.o
                0x0000000008002408                main
 *fill*         0x0000000008002432        0x2 
 .text.SystemClock_Config
                0x0000000008002434       0xd4 Core/Src/main.o
                0x0000000008002434                SystemClock_Config
 .text.HAL_TIM_PeriodElapsedCallback
                0x0000000008002508       0x24 Core/Src/main.o
                0x0000000008002508                HAL_TIM_PeriodElapsedCallback
 .text.Error_Handler
                0x000000000800252c        0xe Core/Src/main.o
                0x000000000800252c                Error_Handler
 *fill*         0x000000000800253a        0x2 
 .text.HAL_MspInit
                0x000000000800253c       0x50 Core/Src/stm32f4xx_hal_msp.o
                0x000000000800253c                HAL_MspInit
 .text.HAL_InitTick
                0x000000000800258c       0xb4 Core/Src/stm32f4xx_hal_timebase_tim.o
                0x000000000800258c                HAL_InitTick
 .text.NMI_Handler
                0x0000000008002640        0xe Core/Src/stm32f4xx_it.o
                0x0000000008002640                NMI_Handler
 .text.HardFault_Handler
                0x000000000800264e        0x6 Core/Src/stm32f4xx_it.o
                0x000000000800264e                HardFault_Handler
 .text.MemManage_Handler
                0x0000000008002654        0x6 Core/Src/stm32f4xx_it.o
                0x0000000008002654                MemManage_Handler
 .text.BusFault_Handler
                0x000000000800265a        0x6 Core/Src/stm32f4xx_it.o
                0x000000000800265a                BusFault_Handler
 .text.UsageFault_Handler
                0x0000000008002660        0x6 Core/Src/stm32f4xx_it.o
                0x0000000008002660                UsageFault_Handler
 .text.DebugMon_Handler
                0x0000000008002666        0xe Core/Src/stm32f4xx_it.o
                0x0000000008002666                DebugMon_Handler
 .text.DMA1_Stream5_IRQHandler
                0x0000000008002674       0x14 Core/Src/stm32f4xx_it.o
                0x0000000008002674                DMA1_Stream5_IRQHandler
 .text.DMA1_Stream6_IRQHandler
                0x0000000008002688       0x14 Core/Src/stm32f4xx_it.o
                0x0000000008002688                DMA1_Stream6_IRQHandler
 .text.TIM1_UP_TIM10_IRQHandler
                0x000000000800269c       0x14 Core/Src/stm32f4xx_it.o
                0x000000000800269c                TIM1_UP_TIM10_IRQHandler
 .text.USART2_IRQHandler
                0x00000000080026b0       0x14 Core/Src/stm32f4xx_it.o
                0x00000000080026b0                USART2_IRQHandler
 .text._getpid  0x00000000080026c4       0x10 Core/Src/syscalls.o
                0x00000000080026c4                _getpid
 .text._kill    0x00000000080026d4       0x20 Core/Src/syscalls.o
                0x00000000080026d4                _kill
 .text._exit    0x00000000080026f4       0x14 Core/Src/syscalls.o
                0x00000000080026f4                _exit
 .text._sbrk    0x0000000008002708       0x6c Core/Src/sysmem.o
                0x0000000008002708                _sbrk
 .text.SystemInit
                0x0000000008002774       0x2c Core/Src/system_stm32f4xx.o
                0x0000000008002774                SystemInit
 .text.MX_TIM2_Init
                0x00000000080027a0       0xb0 Core/Src/tim.o
                0x00000000080027a0                MX_TIM2_Init
 .text.MX_TIM4_Init
                0x0000000008002850       0xa8 Core/Src/tim.o
                0x0000000008002850                MX_TIM4_Init
 .text.HAL_TIM_PWM_MspInit
                0x00000000080028f8       0x40 Core/Src/tim.o
                0x00000000080028f8                HAL_TIM_PWM_MspInit
 .text.HAL_TIM_Encoder_MspInit
                0x0000000008002938       0x90 Core/Src/tim.o
                0x0000000008002938                HAL_TIM_Encoder_MspInit
 .text.HAL_TIM_MspPostInit
                0x00000000080029c8       0x70 Core/Src/tim.o
                0x00000000080029c8                HAL_TIM_MspPostInit
 .text.MX_USART2_UART_Init
                0x0000000008002a38       0x54 Core/Src/usart.o
                0x0000000008002a38                MX_USART2_UART_Init
 .text.HAL_UART_MspInit
                0x0000000008002a8c      0x168 Core/Src/usart.o
                0x0000000008002a8c                HAL_UART_MspInit
 .text.Reset_Handler
                0x0000000008002bf4       0x50 Core/Startup/startup_stm32f407vgtx.o
                0x0000000008002bf4                Reset_Handler
 .text.Default_Handler
                0x0000000008002c44        0x2 Core/Startup/startup_stm32f407vgtx.o
                0x0000000008002c44                RTC_Alarm_IRQHandler
                0x0000000008002c44                HASH_RNG_IRQHandler
                0x0000000008002c44                EXTI2_IRQHandler
                0x0000000008002c44                TIM8_CC_IRQHandler
                0x0000000008002c44                TIM1_CC_IRQHandler
                0x0000000008002c44                DMA2_Stream5_IRQHandler
                0x0000000008002c44                PVD_IRQHandler
                0x0000000008002c44                SDIO_IRQHandler
                0x0000000008002c44                TAMP_STAMP_IRQHandler
                0x0000000008002c44                CAN2_RX1_IRQHandler
                0x0000000008002c44                EXTI3_IRQHandler
                0x0000000008002c44                TIM8_TRG_COM_TIM14_IRQHandler
                0x0000000008002c44                TIM8_UP_TIM13_IRQHandler
                0x0000000008002c44                I2C3_ER_IRQHandler
                0x0000000008002c44                EXTI0_IRQHandler
                0x0000000008002c44                I2C2_EV_IRQHandler
                0x0000000008002c44                DMA1_Stream2_IRQHandler
                0x0000000008002c44                CAN1_RX0_IRQHandler
                0x0000000008002c44                FPU_IRQHandler
                0x0000000008002c44                OTG_HS_WKUP_IRQHandler
                0x0000000008002c44                CAN2_SCE_IRQHandler
                0x0000000008002c44                DMA2_Stream2_IRQHandler
                0x0000000008002c44                SPI1_IRQHandler
                0x0000000008002c44                TIM6_DAC_IRQHandler
                0x0000000008002c44                TIM1_BRK_TIM9_IRQHandler
                0x0000000008002c44                DCMI_IRQHandler
                0x0000000008002c44                CAN2_RX0_IRQHandler
                0x0000000008002c44                DMA2_Stream3_IRQHandler
                0x0000000008002c44                USART6_IRQHandler
                0x0000000008002c44                USART3_IRQHandler
                0x0000000008002c44                CAN1_RX1_IRQHandler
                0x0000000008002c44                UART5_IRQHandler
                0x0000000008002c44                DMA2_Stream0_IRQHandler
                0x0000000008002c44                TIM4_IRQHandler
                0x0000000008002c44                I2C1_EV_IRQHandler
                0x0000000008002c44                DMA1_Stream1_IRQHandler
                0x0000000008002c44                UART4_IRQHandler
                0x0000000008002c44                TIM3_IRQHandler
                0x0000000008002c44                RCC_IRQHandler
                0x0000000008002c44                TIM8_BRK_TIM12_IRQHandler
                0x0000000008002c44                Default_Handler
                0x0000000008002c44                EXTI15_10_IRQHandler
                0x0000000008002c44                ADC_IRQHandler
                0x0000000008002c44                DMA1_Stream7_IRQHandler
                0x0000000008002c44                TIM7_IRQHandler
                0x0000000008002c44                CAN2_TX_IRQHandler
                0x0000000008002c44                TIM5_IRQHandler
                0x0000000008002c44                DMA2_Stream7_IRQHandler
                0x0000000008002c44                I2C3_EV_IRQHandler
                0x0000000008002c44                EXTI9_5_IRQHandler
                0x0000000008002c44                RTC_WKUP_IRQHandler
                0x0000000008002c44                ETH_WKUP_IRQHandler
                0x0000000008002c44                SPI2_IRQHandler
                0x0000000008002c44                OTG_HS_EP1_IN_IRQHandler
                0x0000000008002c44                DMA1_Stream0_IRQHandler
                0x0000000008002c44                CAN1_TX_IRQHandler
                0x0000000008002c44                EXTI4_IRQHandler
                0x0000000008002c44                FSMC_IRQHandler
                0x0000000008002c44                ETH_IRQHandler
                0x0000000008002c44                OTG_HS_EP1_OUT_IRQHandler
                0x0000000008002c44                WWDG_IRQHandler
                0x0000000008002c44                TIM2_IRQHandler
                0x0000000008002c44                OTG_FS_WKUP_IRQHandler
                0x0000000008002c44                TIM1_TRG_COM_TIM11_IRQHandler
                0x0000000008002c44                OTG_HS_IRQHandler
                0x0000000008002c44                EXTI1_IRQHandler
                0x0000000008002c44                I2C2_ER_IRQHandler
                0x0000000008002c44                DMA2_Stream1_IRQHandler
                0x0000000008002c44                CAN1_SCE_IRQHandler
                0x0000000008002c44                FLASH_IRQHandler
                0x0000000008002c44                DMA2_Stream4_IRQHandler
                0x0000000008002c44                USART1_IRQHandler
                0x0000000008002c44                OTG_FS_IRQHandler
                0x0000000008002c44                SPI3_IRQHandler
                0x0000000008002c44                DMA1_Stream4_IRQHandler
                0x0000000008002c44                I2C1_ER_IRQHandler
                0x0000000008002c44                DMA2_Stream6_IRQHandler
                0x0000000008002c44                DMA1_Stream3_IRQHandler
 *fill*         0x0000000008002c46        0x2 
 .text.HAL_Init
                0x0000000008002c48       0x44 Drivers/STM32F4xx_HAL_Driver/Src/stm32f4xx_hal.o
                0x0000000008002c48                HAL_Init
 .text.HAL_IncTick
                0x0000000008002c8c       0x28 Drivers/STM32F4xx_HAL_Driver/Src/stm32f4xx_hal.o
                0x0000000008002c8c                HAL_IncTick
 .text.HAL_GetTick
                0x0000000008002cb4       0x18 Drivers/STM32F4xx_HAL_Driver/Src/stm32f4xx_hal.o
                0x0000000008002cb4                HAL_GetTick
 .text.__NVIC_SetPriorityGrouping
                0x0000000008002ccc       0x48 Drivers/STM32F4xx_HAL_Driver/Src/stm32f4xx_hal_cortex.o
 .text.__NVIC_GetPriorityGrouping
                0x0000000008002d14       0x1c Drivers/STM32F4xx_HAL_Driver/Src/stm32f4xx_hal_cortex.o
 .text.__NVIC_EnableIRQ
                0x0000000008002d30       0x3c Drivers/STM32F4xx_HAL_Driver/Src/stm32f4xx_hal_cortex.o
 .text.__NVIC_SetPriority
                0x0000000008002d6c       0x54 Drivers/STM32F4xx_HAL_Driver/Src/stm32f4xx_hal_cortex.o
 .text.NVIC_EncodePriority
                0x0000000008002dc0       0x66 Drivers/STM32F4xx_HAL_Driver/Src/stm32f4xx_hal_cortex.o
 .text.HAL_NVIC_SetPriorityGrouping
                0x0000000008002e26       0x16 Drivers/STM32F4xx_HAL_Driver/Src/stm32f4xx_hal_cortex.o
                0x0000000008002e26                HAL_NVIC_SetPriorityGrouping
 .text.HAL_NVIC_SetPriority
                0x0000000008002e3c       0x38 Drivers/STM32F4xx_HAL_Driver/Src/stm32f4xx_hal_cortex.o
                0x0000000008002e3c                HAL_NVIC_SetPriority
 .text.HAL_NVIC_EnableIRQ
                0x0000000008002e74       0x1c Drivers/STM32F4xx_HAL_Driver/Src/stm32f4xx_hal_cortex.o
                0x0000000008002e74                HAL_NVIC_EnableIRQ
 .text.HAL_DMA_Init
                0x0000000008002e90      0x15c Drivers/STM32F4xx_HAL_Driver/Src/stm32f4xx_hal_dma.o
                0x0000000008002e90                HAL_DMA_Init
 .text.HAL_DMA_Start_IT
                0x0000000008002fec       0xb0 Drivers/STM32F4xx_HAL_Driver/Src/stm32f4xx_hal_dma.o
                0x0000000008002fec                HAL_DMA_Start_IT
 .text.HAL_DMA_Abort_IT
                0x000000000800309c       0x44 Drivers/STM32F4xx_HAL_Driver/Src/stm32f4xx_hal_dma.o
                0x000000000800309c                HAL_DMA_Abort_IT
 .text.HAL_DMA_IRQHandler
                0x00000000080030e0      0x314 Drivers/STM32F4xx_HAL_Driver/Src/stm32f4xx_hal_dma.o
                0x00000000080030e0                HAL_DMA_IRQHandler
 .text.DMA_SetConfig
                0x00000000080033f4       0x5c Drivers/STM32F4xx_HAL_Driver/Src/stm32f4xx_hal_dma.o
 .text.DMA_CalcBaseAndBitshift
                0x0000000008003450       0x6c Drivers/STM32F4xx_HAL_Driver/Src/stm32f4xx_hal_dma.o
 .text.DMA_CheckFifoParam
                0x00000000080034bc       0xf4 Drivers/STM32F4xx_HAL_Driver/Src/stm32f4xx_hal_dma.o
 .text.HAL_GPIO_Init
                0x00000000080035b0      0x334 Drivers/STM32F4xx_HAL_Driver/Src/stm32f4xx_hal_gpio.o
                0x00000000080035b0                HAL_GPIO_Init
 .text.HAL_GPIO_WritePin
                0x00000000080038e4       0x32 Drivers/STM32F4xx_HAL_Driver/Src/stm32f4xx_hal_gpio.o
                0x00000000080038e4                HAL_GPIO_WritePin
 .text.HAL_GPIO_TogglePin
                0x0000000008003916       0x36 Drivers/STM32F4xx_HAL_Driver/Src/stm32f4xx_hal_gpio.o
                0x0000000008003916                HAL_GPIO_TogglePin
 .text.HAL_RCC_OscConfig
                0x000000000800394c      0x4e0 Drivers/STM32F4xx_HAL_Driver/Src/stm32f4xx_hal_rcc.o
                0x000000000800394c                HAL_RCC_OscConfig
 .text.HAL_RCC_ClockConfig
                0x0000000008003e2c      0x1cc Drivers/STM32F4xx_HAL_Driver/Src/stm32f4xx_hal_rcc.o
                0x0000000008003e2c                HAL_RCC_ClockConfig
 .text.HAL_RCC_GetSysClockFreq
                0x0000000008003ff8      0x1b0 Drivers/STM32F4xx_HAL_Driver/Src/stm32f4xx_hal_rcc.o
                0x0000000008003ff8                HAL_RCC_GetSysClockFreq
 .text.HAL_RCC_GetHCLKFreq
                0x00000000080041a8       0x18 Drivers/STM32F4xx_HAL_Driver/Src/stm32f4xx_hal_rcc.o
                0x00000000080041a8                HAL_RCC_GetHCLKFreq
 .text.HAL_RCC_GetPCLK1Freq
                0x00000000080041c0       0x28 Drivers/STM32F4xx_HAL_Driver/Src/stm32f4xx_hal_rcc.o
                0x00000000080041c0                HAL_RCC_GetPCLK1Freq
 .text.HAL_RCC_GetPCLK2Freq
                0x00000000080041e8       0x28 Drivers/STM32F4xx_HAL_Driver/Src/stm32f4xx_hal_rcc.o
                0x00000000080041e8                HAL_RCC_GetPCLK2Freq
 .text.HAL_RCC_GetClockConfig
                0x0000000008004210       0x64 Drivers/STM32F4xx_HAL_Driver/Src/stm32f4xx_hal_rcc.o
                0x0000000008004210                HAL_RCC_GetClockConfig
 .text.HAL_TIM_Base_Init
                0x0000000008004274       0x56 Drivers/STM32F4xx_HAL_Driver/Src/stm32f4xx_hal_tim.o
                0x0000000008004274                HAL_TIM_Base_Init
 .text.HAL_TIM_Base_MspInit
                0x00000000080042ca       0x14 Drivers/STM32F4xx_HAL_Driver/Src/stm32f4xx_hal_tim.o
                0x00000000080042ca                HAL_TIM_Base_MspInit
 .text.HAL_TIM_Base_Start_IT
                0x00000000080042de       0x48 Drivers/STM32F4xx_HAL_Driver/Src/stm32f4xx_hal_tim.o
                0x00000000080042de                HAL_TIM_Base_Start_IT
 .text.HAL_TIM_PWM_Init
                0x0000000008004326       0x56 Drivers/STM32F4xx_HAL_Driver/Src/stm32f4xx_hal_tim.o
                0x0000000008004326                HAL_TIM_PWM_Init
 .text.HAL_TIM_Encoder_Init
                0x000000000800437c      0x124 Drivers/STM32F4xx_HAL_Driver/Src/stm32f4xx_hal_tim.o
                0x000000000800437c                HAL_TIM_Encoder_Init
 .text.HAL_TIM_IRQHandler
                0x00000000080044a0      0x210 Drivers/STM32F4xx_HAL_Driver/Src/stm32f4xx_hal_tim.o
                0x00000000080044a0                HAL_TIM_IRQHandler
 .text.HAL_TIM_PWM_ConfigChannel
                0x00000000080046b0      0x18c Drivers/STM32F4xx_HAL_Driver/Src/stm32f4xx_hal_tim.o
                0x00000000080046b0                HAL_TIM_PWM_ConfigChannel
 .text.HAL_TIM_OC_DelayElapsedCallback
                0x000000000800483c       0x14 Drivers/STM32F4xx_HAL_Driver/Src/stm32f4xx_hal_tim.o
                0x000000000800483c                HAL_TIM_OC_DelayElapsedCallback
 .text.HAL_TIM_IC_CaptureCallback
                0x0000000008004850       0x14 Drivers/STM32F4xx_HAL_Driver/Src/stm32f4xx_hal_tim.o
                0x0000000008004850                HAL_TIM_IC_CaptureCallback
 .text.HAL_TIM_PWM_PulseFinishedCallback
                0x0000000008004864       0x14 Drivers/STM32F4xx_HAL_Driver/Src/stm32f4xx_hal_tim.o
                0x0000000008004864                HAL_TIM_PWM_PulseFinishedCallback
 .text.HAL_TIM_TriggerCallback
                0x0000000008004878       0x14 Drivers/STM32F4xx_HAL_Driver/Src/stm32f4xx_hal_tim.o
                0x0000000008004878                HAL_TIM_TriggerCallback
 .text.TIM_Base_SetConfig
                0x000000000800488c      0x140 Drivers/STM32F4xx_HAL_Driver/Src/stm32f4xx_hal_tim.o
                0x000000000800488c                TIM_Base_SetConfig
 .text.TIM_OC1_SetConfig
                0x00000000080049cc       0xe0 Drivers/STM32F4xx_HAL_Driver/Src/stm32f4xx_hal_tim.o
 .text.TIM_OC2_SetConfig
                0x0000000008004aac       0xec Drivers/STM32F4xx_HAL_Driver/Src/stm32f4xx_hal_tim.o
                0x0000000008004aac                TIM_OC2_SetConfig
 .text.TIM_OC3_SetConfig
                0x0000000008004b98       0xe8 Drivers/STM32F4xx_HAL_Driver/Src/stm32f4xx_hal_tim.o
 .text.TIM_OC4_SetConfig
                0x0000000008004c80       0xac Drivers/STM32F4xx_HAL_Driver/Src/stm32f4xx_hal_tim.o
 .text.HAL_TIMEx_MasterConfigSynchronization
                0x0000000008004d2c       0xf8 Drivers/STM32F4xx_HAL_Driver/Src/stm32f4xx_hal_tim_ex.o
                0x0000000008004d2c                HAL_TIMEx_MasterConfigSynchronization
 .text.HAL_TIMEx_CommutCallback
                0x0000000008004e24       0x14 Drivers/STM32F4xx_HAL_Driver/Src/stm32f4xx_hal_tim_ex.o
                0x0000000008004e24                HAL_TIMEx_CommutCallback
 .text.HAL_TIMEx_BreakCallback
                0x0000000008004e38       0x14 Drivers/STM32F4xx_HAL_Driver/Src/stm32f4xx_hal_tim_ex.o
                0x0000000008004e38                HAL_TIMEx_BreakCallback
 .text.HAL_UART_Init
                0x0000000008004e4c       0x9a Drivers/STM32F4xx_HAL_Driver/Src/stm32f4xx_hal_uart.o
                0x0000000008004e4c                HAL_UART_Init
 *fill*         0x0000000008004ee6        0x2 
 .text.HAL_UART_Transmit_DMA
                0x0000000008004ee8       0xd8 Drivers/STM32F4xx_HAL_Driver/Src/stm32f4xx_hal_uart.o
                0x0000000008004ee8                HAL_UART_Transmit_DMA
 .text.HAL_UART_Receive_DMA
                0x0000000008004fc0      0x100 Drivers/STM32F4xx_HAL_Driver/Src/stm32f4xx_hal_uart.o
                0x0000000008004fc0                HAL_UART_Receive_DMA
 .text.HAL_UART_IRQHandler
                0x00000000080050c0      0x200 Drivers/STM32F4xx_HAL_Driver/Src/stm32f4xx_hal_uart.o
                0x00000000080050c0                HAL_UART_IRQHandler
 .text.HAL_UART_TxCpltCallback
                0x00000000080052c0       0x14 Drivers/STM32F4xx_HAL_Driver/Src/stm32f4xx_hal_uart.o
                0x00000000080052c0                HAL_UART_TxCpltCallback
 .text.HAL_UART_TxHalfCpltCallback
                0x00000000080052d4       0x14 Drivers/STM32F4xx_HAL_Driver/Src/stm32f4xx_hal_uart.o
                0x00000000080052d4                HAL_UART_TxHalfCpltCallback
 .text.HAL_UART_RxCpltCallback
                0x00000000080052e8       0x14 Drivers/STM32F4xx_HAL_Driver/Src/stm32f4xx_hal_uart.o
                0x00000000080052e8                HAL_UART_RxCpltCallback
 .text.HAL_UART_RxHalfCpltCallback
                0x00000000080052fc       0x14 Drivers/STM32F4xx_HAL_Driver/Src/stm32f4xx_hal_uart.o
                0x00000000080052fc                HAL_UART_RxHalfCpltCallback
 .text.HAL_UART_ErrorCallback
                0x0000000008005310       0x14 Drivers/STM32F4xx_HAL_Driver/Src/stm32f4xx_hal_uart.o
                0x0000000008005310                HAL_UART_ErrorCallback
 .text.UART_DMATransmitCplt
                0x0000000008005324       0x52 Drivers/STM32F4xx_HAL_Driver/Src/stm32f4xx_hal_uart.o
 .text.UART_DMATxHalfCplt
                0x0000000008005376       0x1c Drivers/STM32F4xx_HAL_Driver/Src/stm32f4xx_hal_uart.o
 .text.UART_DMAReceiveCplt
                0x0000000008005392       0x68 Drivers/STM32F4xx_HAL_Driver/Src/stm32f4xx_hal_uart.o
 .text.UART_DMARxHalfCplt
                0x00000000080053fa       0x1c Drivers/STM32F4xx_HAL_Driver/Src/stm32f4xx_hal_uart.o
 .text.UART_DMAError
                0x0000000008005416       0x94 Drivers/STM32F4xx_HAL_Driver/Src/stm32f4xx_hal_uart.o
 .text.UART_EndTxTransfer
                0x00000000080054aa       0x2c Drivers/STM32F4xx_HAL_Driver/Src/stm32f4xx_hal_uart.o
 .text.UART_EndRxTransfer
                0x00000000080054d6       0x3c Drivers/STM32F4xx_HAL_Driver/Src/stm32f4xx_hal_uart.o
 .text.UART_DMAAbortOnError
                0x0000000008005512       0x28 Drivers/STM32F4xx_HAL_Driver/Src/stm32f4xx_hal_uart.o
 .text.UART_Transmit_IT
                0x000000000800553a       0xac Drivers/STM32F4xx_HAL_Driver/Src/stm32f4xx_hal_uart.o
 .text.UART_EndTransmit_IT
                0x00000000080055e6       0x30 Drivers/STM32F4xx_HAL_Driver/Src/stm32f4xx_hal_uart.o
 .text.UART_Receive_IT
                0x0000000008005616      0x102 Drivers/STM32F4xx_HAL_Driver/Src/stm32f4xx_hal_uart.o
 .text.UART_SetConfig
                0x0000000008005718      0x6f8 Drivers/STM32F4xx_HAL_Driver/Src/stm32f4xx_hal_uart.o
 .text.makeFreeRtosPriority
                0x0000000008005e10       0x30 Middlewares/Third_Party/FreeRTOS/Source/CMSIS_RTOS/cmsis_os.o
 .text.osKernelStart
                0x0000000008005e40        0xe Middlewares/Third_Party/FreeRTOS/Source/CMSIS_RTOS/cmsis_os.o
                0x0000000008005e40                osKernelStart
 .text.osThreadCreate
                0x0000000008005e4e       0x98 Middlewares/Third_Party/FreeRTOS/Source/CMSIS_RTOS/cmsis_os.o
                0x0000000008005e4e                osThreadCreate
 .text.osDelay  0x0000000008005ee6       0x28 Middlewares/Third_Party/FreeRTOS/Source/CMSIS_RTOS/cmsis_os.o
                0x0000000008005ee6                osDelay
 .text.vListInitialise
                0x0000000008005f0e       0x40 Middlewares/Third_Party/FreeRTOS/Source/list.o
                0x0000000008005f0e                vListInitialise
 .text.vListInitialiseItem
                0x0000000008005f4e       0x1a Middlewares/Third_Party/FreeRTOS/Source/list.o
                0x0000000008005f4e                vListInitialiseItem
 .text.vListInsertEnd
                0x0000000008005f68       0x48 Middlewares/Third_Party/FreeRTOS/Source/list.o
                0x0000000008005f68                vListInsertEnd
 .text.vListInsert
                0x0000000008005fb0       0x72 Middlewares/Third_Party/FreeRTOS/Source/list.o
                0x0000000008005fb0                vListInsert
 .text.uxListRemove
                0x0000000008006022       0x54 Middlewares/Third_Party/FreeRTOS/Source/list.o
                0x0000000008006022                uxListRemove
 .text.xTaskCreateStatic
                0x0000000008006076       0xb4 Middlewares/Third_Party/FreeRTOS/Source/tasks.o
                0x0000000008006076                xTaskCreateStatic
 .text.xTaskCreate
                0x000000000800612a       0x8a Middlewares/Third_Party/FreeRTOS/Source/tasks.o
                0x000000000800612a                xTaskCreate
 .text.prvInitialiseNewTask
                0x00000000080061b4      0x10c Middlewares/Third_Party/FreeRTOS/Source/tasks.o
 .text.prvAddNewTaskToReadyList
                0x00000000080062c0       0xd4 Middlewares/Third_Party/FreeRTOS/Source/tasks.o
 .text.vTaskDelay
                0x0000000008006394       0x68 Middlewares/Third_Party/FreeRTOS/Source/tasks.o
                0x0000000008006394                vTaskDelay
 .text.vTaskStartScheduler
                0x00000000080063fc       0xbc Middlewares/Third_Party/FreeRTOS/Source/tasks.o
                0x00000000080063fc                vTaskStartScheduler
 .text.vTaskSuspendAll
                0x00000000080064b8       0x1c Middlewares/Third_Party/FreeRTOS/Source/tasks.o
                0x00000000080064b8                vTaskSuspendAll
 .text.xTaskResumeAll
                0x00000000080064d4      0x138 Middlewares/Third_Party/FreeRTOS/Source/tasks.o
                0x00000000080064d4                xTaskResumeAll
 .text.xTaskIncrementTick
                0x000000000800660c      0x170 Middlewares/Third_Party/FreeRTOS/Source/tasks.o
                0x000000000800660c                xTaskIncrementTick
 .text.vTaskSwitchContext
                0x000000000800677c       0xb4 Middlewares/Third_Party/FreeRTOS/Source/tasks.o
                0x000000000800677c                vTaskSwitchContext
 .text.prvIdleTask
                0x0000000008006830       0x30 Middlewares/Third_Party/FreeRTOS/Source/tasks.o
 .text.prvInitialiseTaskLists
                0x0000000008006860       0x80 Middlewares/Third_Party/FreeRTOS/Source/tasks.o
 .text.prvCheckTasksWaitingTermination
                0x00000000080068e0       0x58 Middlewares/Third_Party/FreeRTOS/Source/tasks.o
 .text.prvDeleteTCB
                0x0000000008006938       0x5c Middlewares/Third_Party/FreeRTOS/Source/tasks.o
 .text.prvResetNextTaskUnblockTime
                0x0000000008006994       0x40 Middlewares/Third_Party/FreeRTOS/Source/tasks.o
 .text.prvAddCurrentTaskToDelayedList
                0x00000000080069d4       0xcc Middlewares/Third_Party/FreeRTOS/Source/tasks.o
 .text.pxPortInitialiseStack
                0x0000000008006aa0       0x68 Middlewares/Third_Party/FreeRTOS/Source/portable/GCC/ARM_CM4F/port.o
                0x0000000008006aa0                pxPortInitialiseStack
 .text.prvTaskExitError
                0x0000000008006b08       0x54 Middlewares/Third_Party/FreeRTOS/Source/portable/GCC/ARM_CM4F/port.o
 *fill*         0x0000000008006b5c        0x4 
 .text.SVC_Handler
                0x0000000008006b60       0x28 Middlewares/Third_Party/FreeRTOS/Source/portable/GCC/ARM_CM4F/port.o
                0x0000000008006b60                SVC_Handler
 .text.prvPortStartFirstTask
                0x0000000008006b88       0x28 Middlewares/Third_Party/FreeRTOS/Source/portable/GCC/ARM_CM4F/port.o
 .text.xPortStartScheduler
                0x0000000008006bb0      0x13c Middlewares/Third_Party/FreeRTOS/Source/portable/GCC/ARM_CM4F/port.o
                0x0000000008006bb0                xPortStartScheduler
 .text.vPortEnterCritical
                0x0000000008006cec       0x5c Middlewares/Third_Party/FreeRTOS/Source/portable/GCC/ARM_CM4F/port.o
                0x0000000008006cec                vPortEnterCritical
 .text.vPortExitCritical
                0x0000000008006d48       0x50 Middlewares/Third_Party/FreeRTOS/Source/portable/GCC/ARM_CM4F/port.o
                0x0000000008006d48                vPortExitCritical
 *fill*         0x0000000008006d98        0x8 
 .text.PendSV_Handler
                0x0000000008006da0       0x68 Middlewares/Third_Party/FreeRTOS/Source/portable/GCC/ARM_CM4F/port.o
                0x0000000008006da0                PendSV_Handler
 .text.SysTick_Handler
                0x0000000008006e08       0x40 Middlewares/Third_Party/FreeRTOS/Source/portable/GCC/ARM_CM4F/port.o
                0x0000000008006e08                SysTick_Handler
 .text.vPortSetupTimerInterrupt
                0x0000000008006e48       0x48 Middlewares/Third_Party/FreeRTOS/Source/portable/GCC/ARM_CM4F/port.o
                0x0000000008006e48                vPortSetupTimerInterrupt
 .text.vPortEnableVFP
                0x0000000008006e90       0x14 Middlewares/Third_Party/FreeRTOS/Source/portable/GCC/ARM_CM4F/port.o
 .text.pvPortMalloc
                0x0000000008006ea4      0x184 Middlewares/Third_Party/FreeRTOS/Source/portable/MemMang/heap_4.o
                0x0000000008006ea4                pvPortMalloc
 .text.vPortFree
                0x0000000008007028       0xb0 Middlewares/Third_Party/FreeRTOS/Source/portable/MemMang/heap_4.o
                0x0000000008007028                vPortFree
 .text.prvHeapInit
                0x00000000080070d8       0xc4 Middlewares/Third_Party/FreeRTOS/Source/portable/MemMang/heap_4.o
 .text.prvInsertBlockIntoFreeList
                0x000000000800719c       0xb4 Middlewares/Third_Party/FreeRTOS/Source/portable/MemMang/heap_4.o
 .text.__cxa_pure_virtual
                0x0000000008007250        0x6 c:/st/stm32cubeide_1.3.0/stm32cubeide/plugins/com.st.stm32cube.ide.mcu.externaltools.gnu-tools-for-stm32.7-2018-q2-update.win32_1.4.0.202007081208/tools/bin/../lib/gcc/arm-none-eabi/7.3.1/../../../../arm-none-eabi/lib/thumb/v7e-m/fpv4-sp/hard\libstdc++_nano.a(pure.o)
                0x0000000008007250                __cxa_pure_virtual
 .text._ZN10__cxxabiv111__terminateEPFvvE
                0x0000000008007256        0x8 c:/st/stm32cubeide_1.3.0/stm32cubeide/plugins/com.st.stm32cube.ide.mcu.externaltools.gnu-tools-for-stm32.7-2018-q2-update.win32_1.4.0.202007081208/tools/bin/../lib/gcc/arm-none-eabi/7.3.1/../../../../arm-none-eabi/lib/thumb/v7e-m/fpv4-sp/hard\libstdc++_nano.a(eh_terminate.o)
                0x0000000008007256                __cxxabiv1::__terminate(void (*)())
 *fill*         0x000000000800725e        0x2 
 .text._ZSt13get_terminatev
                0x0000000008007260       0x10 c:/st/stm32cubeide_1.3.0/stm32cubeide/plugins/com.st.stm32cube.ide.mcu.externaltools.gnu-tools-for-stm32.7-2018-q2-update.win32_1.4.0.202007081208/tools/bin/../lib/gcc/arm-none-eabi/7.3.1/../../../../arm-none-eabi/lib/thumb/v7e-m/fpv4-sp/hard\libstdc++_nano.a(eh_terminate.o)
                0x0000000008007260                std::get_terminate()
 .text._ZSt9terminatev
                0x0000000008007270        0xa c:/st/stm32cubeide_1.3.0/stm32cubeide/plugins/com.st.stm32cube.ide.mcu.externaltools.gnu-tools-for-stm32.7-2018-q2-update.win32_1.4.0.202007081208/tools/bin/../lib/gcc/arm-none-eabi/7.3.1/../../../../arm-none-eabi/lib/thumb/v7e-m/fpv4-sp/hard\libstdc++_nano.a(eh_terminate.o)
                0x0000000008007270                std::terminate()
 .text.abort    0x000000000800727a        0xe c:/st/stm32cubeide_1.3.0/stm32cubeide/plugins/com.st.stm32cube.ide.mcu.externaltools.gnu-tools-for-stm32.7-2018-q2-update.win32_1.4.0.202007081208/tools/bin/../lib/gcc/arm-none-eabi/7.3.1/../../../../arm-none-eabi/lib/thumb/v7e-m/fpv4-sp/hard\libc_nano.a(lib_a-abort.o)
                0x000000000800727a                abort
 .text.__errno  0x0000000008007288        0xc c:/st/stm32cubeide_1.3.0/stm32cubeide/plugins/com.st.stm32cube.ide.mcu.externaltools.gnu-tools-for-stm32.7-2018-q2-update.win32_1.4.0.202007081208/tools/bin/../lib/gcc/arm-none-eabi/7.3.1/../../../../arm-none-eabi/lib/thumb/v7e-m/fpv4-sp/hard\libc_nano.a(lib_a-errno.o)
                0x0000000008007288                __errno
 .text.__libc_init_array
                0x0000000008007294       0x48 c:/st/stm32cubeide_1.3.0/stm32cubeide/plugins/com.st.stm32cube.ide.mcu.externaltools.gnu-tools-for-stm32.7-2018-q2-update.win32_1.4.0.202007081208/tools/bin/../lib/gcc/arm-none-eabi/7.3.1/../../../../arm-none-eabi/lib/thumb/v7e-m/fpv4-sp/hard\libc_nano.a(lib_a-init.o)
                0x0000000008007294                __libc_init_array
 .text.memcpy   0x00000000080072dc       0x16 c:/st/stm32cubeide_1.3.0/stm32cubeide/plugins/com.st.stm32cube.ide.mcu.externaltools.gnu-tools-for-stm32.7-2018-q2-update.win32_1.4.0.202007081208/tools/bin/../lib/gcc/arm-none-eabi/7.3.1/../../../../arm-none-eabi/lib/thumb/v7e-m/fpv4-sp/hard\libc_nano.a(lib_a-memcpy-stub.o)
                0x00000000080072dc                memcpy
 .text.memset   0x00000000080072f2       0x10 c:/st/stm32cubeide_1.3.0/stm32cubeide/plugins/com.st.stm32cube.ide.mcu.externaltools.gnu-tools-for-stm32.7-2018-q2-update.win32_1.4.0.202007081208/tools/bin/../lib/gcc/arm-none-eabi/7.3.1/../../../../arm-none-eabi/lib/thumb/v7e-m/fpv4-sp/hard\libc_nano.a(lib_a-memset.o)
                0x00000000080072f2                memset
 *fill*         0x0000000008007302        0x2 
 .text.realloc  0x0000000008007304       0x10 c:/st/stm32cubeide_1.3.0/stm32cubeide/plugins/com.st.stm32cube.ide.mcu.externaltools.gnu-tools-for-stm32.7-2018-q2-update.win32_1.4.0.202007081208/tools/bin/../lib/gcc/arm-none-eabi/7.3.1/../../../../arm-none-eabi/lib/thumb/v7e-m/fpv4-sp/hard\libc_nano.a(lib_a-realloc.o)
                0x0000000008007304                realloc
 .text._raise_r
                0x0000000008007314       0x50 c:/st/stm32cubeide_1.3.0/stm32cubeide/plugins/com.st.stm32cube.ide.mcu.externaltools.gnu-tools-for-stm32.7-2018-q2-update.win32_1.4.0.202007081208/tools/bin/../lib/gcc/arm-none-eabi/7.3.1/../../../../arm-none-eabi/lib/thumb/v7e-m/fpv4-sp/hard\libc_nano.a(lib_a-signal.o)
                0x0000000008007314                _raise_r
 .text.raise    0x0000000008007364       0x10 c:/st/stm32cubeide_1.3.0/stm32cubeide/plugins/com.st.stm32cube.ide.mcu.externaltools.gnu-tools-for-stm32.7-2018-q2-update.win32_1.4.0.202007081208/tools/bin/../lib/gcc/arm-none-eabi/7.3.1/../../../../arm-none-eabi/lib/thumb/v7e-m/fpv4-sp/hard\libc_nano.a(lib_a-signal.o)
                0x0000000008007364                raise
 .text._kill_r  0x0000000008007374       0x24 c:/st/stm32cubeide_1.3.0/stm32cubeide/plugins/com.st.stm32cube.ide.mcu.externaltools.gnu-tools-for-stm32.7-2018-q2-update.win32_1.4.0.202007081208/tools/bin/../lib/gcc/arm-none-eabi/7.3.1/../../../../arm-none-eabi/lib/thumb/v7e-m/fpv4-sp/hard\libc_nano.a(lib_a-signalr.o)
                0x0000000008007374                _kill_r
 .text._getpid_r
                0x0000000008007398        0x4 c:/st/stm32cubeide_1.3.0/stm32cubeide/plugins/com.st.stm32cube.ide.mcu.externaltools.gnu-tools-for-stm32.7-2018-q2-update.win32_1.4.0.202007081208/tools/bin/../lib/gcc/arm-none-eabi/7.3.1/../../../../arm-none-eabi/lib/thumb/v7e-m/fpv4-sp/hard\libc_nano.a(lib_a-signalr.o)
                0x0000000008007398                _getpid_r
 .text._malloc_r
                0x000000000800739c       0xb4 c:/st/stm32cubeide_1.3.0/stm32cubeide/plugins/com.st.stm32cube.ide.mcu.externaltools.gnu-tools-for-stm32.7-2018-q2-update.win32_1.4.0.202007081208/tools/bin/../lib/gcc/arm-none-eabi/7.3.1/../../../../arm-none-eabi/lib/thumb/v7e-m/fpv4-sp/hard\libc_nano.a(lib_a-nano-mallocr.o)
                0x000000000800739c                _malloc_r
 .text._realloc_r
                0x0000000008007450       0x4c c:/st/stm32cubeide_1.3.0/stm32cubeide/plugins/com.st.stm32cube.ide.mcu.externaltools.gnu-tools-for-stm32.7-2018-q2-update.win32_1.4.0.202007081208/tools/bin/../lib/gcc/arm-none-eabi/7.3.1/../../../../arm-none-eabi/lib/thumb/v7e-m/fpv4-sp/hard\libc_nano.a(lib_a-nano-reallocr.o)
                0x0000000008007450                _realloc_r
 .text._sbrk_r  0x000000000800749c       0x20 c:/st/stm32cubeide_1.3.0/stm32cubeide/plugins/com.st.stm32cube.ide.mcu.externaltools.gnu-tools-for-stm32.7-2018-q2-update.win32_1.4.0.202007081208/tools/bin/../lib/gcc/arm-none-eabi/7.3.1/../../../../arm-none-eabi/lib/thumb/v7e-m/fpv4-sp/hard\libc_nano.a(lib_a-sbrkr.o)
                0x000000000800749c                _sbrk_r
 .text.__malloc_lock
                0x00000000080074bc        0x2 c:/st/stm32cubeide_1.3.0/stm32cubeide/plugins/com.st.stm32cube.ide.mcu.externaltools.gnu-tools-for-stm32.7-2018-q2-update.win32_1.4.0.202007081208/tools/bin/../lib/gcc/arm-none-eabi/7.3.1/../../../../arm-none-eabi/lib/thumb/v7e-m/fpv4-sp/hard\libc_nano.a(lib_a-mlock.o)
                0x00000000080074bc                __malloc_lock
 .text.__malloc_unlock
                0x00000000080074be        0x2 c:/st/stm32cubeide_1.3.0/stm32cubeide/plugins/com.st.stm32cube.ide.mcu.externaltools.gnu-tools-for-stm32.7-2018-q2-update.win32_1.4.0.202007081208/tools/bin/../lib/gcc/arm-none-eabi/7.3.1/../../../../arm-none-eabi/lib/thumb/v7e-m/fpv4-sp/hard\libc_nano.a(lib_a-mlock.o)
                0x00000000080074be                __malloc_unlock
 .text._free_r  0x00000000080074c0       0x9c c:/st/stm32cubeide_1.3.0/stm32cubeide/plugins/com.st.stm32cube.ide.mcu.externaltools.gnu-tools-for-stm32.7-2018-q2-update.win32_1.4.0.202007081208/tools/bin/../lib/gcc/arm-none-eabi/7.3.1/../../../../arm-none-eabi/lib/thumb/v7e-m/fpv4-sp/hard\libc_nano.a(lib_a-nano-freer.o)
                0x00000000080074c0                _free_r
 .text._malloc_usable_size_r
                0x000000000800755c       0x10 c:/st/stm32cubeide_1.3.0/stm32cubeide/plugins/com.st.stm32cube.ide.mcu.externaltools.gnu-tools-for-stm32.7-2018-q2-update.win32_1.4.0.202007081208/tools/bin/../lib/gcc/arm-none-eabi/7.3.1/../../../../arm-none-eabi/lib/thumb/v7e-m/fpv4-sp/hard\libc_nano.a(lib_a-nano-msizer.o)
                0x000000000800755c                _malloc_usable_size_r
 *(.glue_7)
 .glue_7        0x000000000800756c        0x0 linker stubs
 *(.glue_7t)
 .glue_7t       0x000000000800756c        0x0 linker stubs
 *(.eh_frame)
 .eh_frame      0x000000000800756c        0x0 c:/st/stm32cubeide_1.3.0/stm32cubeide/plugins/com.st.stm32cube.ide.mcu.externaltools.gnu-tools-for-stm32.7-2018-q2-update.win32_1.4.0.202007081208/tools/bin/../lib/gcc/arm-none-eabi/7.3.1/thumb/v7e-m/fpv4-sp/hard/crtbegin.o
 *(.init)
 .init          0x000000000800756c        0x4 c:/st/stm32cubeide_1.3.0/stm32cubeide/plugins/com.st.stm32cube.ide.mcu.externaltools.gnu-tools-for-stm32.7-2018-q2-update.win32_1.4.0.202007081208/tools/bin/../lib/gcc/arm-none-eabi/7.3.1/thumb/v7e-m/fpv4-sp/hard/crti.o
                0x000000000800756c                _init
 .init          0x0000000008007570        0x8 c:/st/stm32cubeide_1.3.0/stm32cubeide/plugins/com.st.stm32cube.ide.mcu.externaltools.gnu-tools-for-stm32.7-2018-q2-update.win32_1.4.0.202007081208/tools/bin/../lib/gcc/arm-none-eabi/7.3.1/thumb/v7e-m/fpv4-sp/hard/crtn.o
 *(.fini)
 .fini          0x0000000008007578        0x4 c:/st/stm32cubeide_1.3.0/stm32cubeide/plugins/com.st.stm32cube.ide.mcu.externaltools.gnu-tools-for-stm32.7-2018-q2-update.win32_1.4.0.202007081208/tools/bin/../lib/gcc/arm-none-eabi/7.3.1/thumb/v7e-m/fpv4-sp/hard/crti.o
                0x0000000008007578                _fini
 .fini          0x000000000800757c        0x8 c:/st/stm32cubeide_1.3.0/stm32cubeide/plugins/com.st.stm32cube.ide.mcu.externaltools.gnu-tools-for-stm32.7-2018-q2-update.win32_1.4.0.202007081208/tools/bin/../lib/gcc/arm-none-eabi/7.3.1/thumb/v7e-m/fpv4-sp/hard/crtn.o
                0x0000000008007584                . = ALIGN (0x4)
                0x0000000008007584                _etext = .

.vfp11_veneer   0x0000000008007584        0x0
 .vfp11_veneer  0x0000000008007584        0x0 linker stubs

.v4_bx          0x0000000008007584        0x0
 .v4_bx         0x0000000008007584        0x0 linker stubs

.iplt           0x0000000008007584        0x0
 .iplt          0x0000000008007584        0x0 c:/st/stm32cubeide_1.3.0/stm32cubeide/plugins/com.st.stm32cube.ide.mcu.externaltools.gnu-tools-for-stm32.7-2018-q2-update.win32_1.4.0.202007081208/tools/bin/../lib/gcc/arm-none-eabi/7.3.1/thumb/v7e-m/fpv4-sp/hard/crtbegin.o

.rodata         0x0000000008007584      0x328
                0x0000000008007584                . = ALIGN (0x4)
 *(.rodata)
 .rodata        0x0000000008007584      0x161 APP/Src/Task/ROSComms/ROSComms.o
 *fill*         0x00000000080076e5        0x3 
 .rodata        0x00000000080076e8       0xc8 Core/Src/freertos.o
 .rodata        0x00000000080077b0        0x5 Middlewares/Third_Party/FreeRTOS/Source/tasks.o
 *(.rodata*)
 *fill*         0x00000000080077b5        0x3 
 .rodata._ZN14rosserial_msgsL12REQUESTPARAME
                0x00000000080077b8       0x1c APP/Src/Task/ROSComms/ROSComms.o
 .rodata._ZTVN3ros11NodeHandle_I13STM32HardwareLi25ELi25ELi512ELi512EEE
                0x00000000080077d4       0x14 APP/Src/Task/ROSComms/ROSComms.o
                0x00000000080077d4                vtable for ros::NodeHandle_<STM32Hardware, 25, 25, 512, 512>
 .rodata._ZTVN8std_msgs6StringE
                0x00000000080077e8       0x18 APP/Src/Task/ROSComms/ROSComms.o
                0x00000000080077e8                vtable for std_msgs::String
 .rodata._ZTVN3ros15NodeHandleBase_E
                0x0000000008007800       0x14 APP/Src/Task/ROSComms/ROSComms.o
                0x0000000008007800                vtable for ros::NodeHandleBase_
 .rodata._ZTVN14rosserial_msgs20RequestParamResponseE
                0x0000000008007814       0x18 APP/Src/Task/ROSComms/ROSComms.o
                0x0000000008007814                vtable for rosserial_msgs::RequestParamResponse
 .rodata._ZTVN14rosserial_msgs3LogE
                0x000000000800782c       0x18 APP/Src/Task/ROSComms/ROSComms.o
                0x000000000800782c                vtable for rosserial_msgs::Log
 .rodata._ZTVN14rosserial_msgs9TopicInfoE
                0x0000000008007844       0x18 APP/Src/Task/ROSComms/ROSComms.o
                0x0000000008007844                vtable for rosserial_msgs::TopicInfo
 .rodata._ZTVN8std_msgs4TimeE
                0x000000000800785c       0x18 APP/Src/Task/ROSComms/ROSComms.o
                0x000000000800785c                vtable for std_msgs::Time
 .rodata._ZTVN3ros3MsgE
                0x0000000008007874       0x18 APP/Src/Task/ROSComms/ROSComms.o
                0x0000000008007874                vtable for ros::Msg
 .rodata.AHBPrescTable
                0x000000000800788c       0x10 Core/Src/system_stm32f4xx.o
                0x000000000800788c                AHBPrescTable
 .rodata.APBPrescTable
                0x000000000800789c        0x8 Core/Src/system_stm32f4xx.o
                0x000000000800789c                APBPrescTable
 .rodata.flagBitshiftOffset.8119
                0x00000000080078a4        0x8 Drivers/STM32F4xx_HAL_Driver/Src/stm32f4xx_hal_dma.o
                0x00000000080078ac                . = ALIGN (0x4)

.ARM.extab      0x00000000080078ac        0x0
                0x00000000080078ac                . = ALIGN (0x4)
 *(.ARM.extab* .gnu.linkonce.armextab.*)
                0x00000000080078ac                . = ALIGN (0x4)

.ARM            0x00000000080078ac        0x8
                0x00000000080078ac                . = ALIGN (0x4)
                0x00000000080078ac                __exidx_start = .
 *(.ARM.exidx*)
 .ARM.exidx     0x00000000080078ac        0x8 c:/st/stm32cubeide_1.3.0/stm32cubeide/plugins/com.st.stm32cube.ide.mcu.externaltools.gnu-tools-for-stm32.7-2018-q2-update.win32_1.4.0.202007081208/tools/bin/../lib/gcc/arm-none-eabi/7.3.1/thumb/v7e-m/fpv4-sp/hard\libgcc.a(_udivmoddi4.o)
                0x00000000080078b4                __exidx_end = .
                0x00000000080078b4                . = ALIGN (0x4)

.rel.dyn        0x00000000080078b4        0x0
 .rel.iplt      0x00000000080078b4        0x0 c:/st/stm32cubeide_1.3.0/stm32cubeide/plugins/com.st.stm32cube.ide.mcu.externaltools.gnu-tools-for-stm32.7-2018-q2-update.win32_1.4.0.202007081208/tools/bin/../lib/gcc/arm-none-eabi/7.3.1/thumb/v7e-m/fpv4-sp/hard/crtbegin.o

.preinit_array  0x00000000080078b4        0x0
                0x00000000080078b4                . = ALIGN (0x4)
                0x00000000080078b4                PROVIDE (__preinit_array_start = .)
 *(.preinit_array*)
                0x00000000080078b4                PROVIDE (__preinit_array_end = .)
                0x00000000080078b4                . = ALIGN (0x4)

.init_array     0x00000000080078b4        0x4
                0x00000000080078b4                . = ALIGN (0x4)
                0x00000000080078b4                PROVIDE (__init_array_start = .)
 *(SORT_BY_NAME(.init_array.*))
 *(.init_array*)
 .init_array    0x00000000080078b4        0x4 c:/st/stm32cubeide_1.3.0/stm32cubeide/plugins/com.st.stm32cube.ide.mcu.externaltools.gnu-tools-for-stm32.7-2018-q2-update.win32_1.4.0.202007081208/tools/bin/../lib/gcc/arm-none-eabi/7.3.1/thumb/v7e-m/fpv4-sp/hard/crtbegin.o
                0x00000000080078b8                PROVIDE (__init_array_end = .)
                0x00000000080078b8                . = ALIGN (0x4)

.fini_array     0x00000000080078b8        0x4
                0x00000000080078b8                . = ALIGN (0x4)
                [!provide]                        PROVIDE (__fini_array_start = .)
 *(SORT_BY_NAME(.fini_array.*))
 *(.fini_array*)
 .fini_array    0x00000000080078b8        0x4 c:/st/stm32cubeide_1.3.0/stm32cubeide/plugins/com.st.stm32cube.ide.mcu.externaltools.gnu-tools-for-stm32.7-2018-q2-update.win32_1.4.0.202007081208/tools/bin/../lib/gcc/arm-none-eabi/7.3.1/thumb/v7e-m/fpv4-sp/hard/crtbegin.o
                [!provide]                        PROVIDE (__fini_array_end = .)
                0x00000000080078bc                . = ALIGN (0x4)
                0x00000000080078bc                _sidata = LOADADDR (.data)

.data           0x0000000020000000       0x78 load address 0x00000000080078bc
                0x0000000020000000                . = ALIGN (0x4)
                0x0000000020000000                _sdata = .
 *(.data)
 *(.data*)
 .data.SystemCoreClock
                0x0000000020000000        0x4 Core/Src/system_stm32f4xx.o
                0x0000000020000000                SystemCoreClock
 .data.uwTickPrio
                0x0000000020000004        0x4 Drivers/STM32F4xx_HAL_Driver/Src/stm32f4xx_hal.o
                0x0000000020000004                uwTickPrio
 .data.uwTickFreq
                0x0000000020000008        0x1 Drivers/STM32F4xx_HAL_Driver/Src/stm32f4xx_hal.o
                0x0000000020000008                uwTickFreq
 *fill*         0x0000000020000009        0x3 
 .data.uxCriticalNesting
                0x000000002000000c        0x4 Middlewares/Third_Party/FreeRTOS/Source/portable/GCC/ARM_CM4F/port.o
 .data._ZN10__cxxabiv119__terminate_handlerE
                0x0000000020000010        0x4 c:/st/stm32cubeide_1.3.0/stm32cubeide/plugins/com.st.stm32cube.ide.mcu.externaltools.gnu-tools-for-stm32.7-2018-q2-update.win32_1.4.0.202007081208/tools/bin/../lib/gcc/arm-none-eabi/7.3.1/../../../../arm-none-eabi/lib/thumb/v7e-m/fpv4-sp/hard\libstdc++_nano.a(eh_term_handler.o)
                0x0000000020000010                __cxxabiv1::__terminate_handler
 .data._impure_ptr
                0x0000000020000014        0x4 c:/st/stm32cubeide_1.3.0/stm32cubeide/plugins/com.st.stm32cube.ide.mcu.externaltools.gnu-tools-for-stm32.7-2018-q2-update.win32_1.4.0.202007081208/tools/bin/../lib/gcc/arm-none-eabi/7.3.1/../../../../arm-none-eabi/lib/thumb/v7e-m/fpv4-sp/hard\libc_nano.a(lib_a-impure.o)
                0x0000000020000014                _impure_ptr
 .data.impure_data
                0x0000000020000018       0x60 c:/st/stm32cubeide_1.3.0/stm32cubeide/plugins/com.st.stm32cube.ide.mcu.externaltools.gnu-tools-for-stm32.7-2018-q2-update.win32_1.4.0.202007081208/tools/bin/../lib/gcc/arm-none-eabi/7.3.1/../../../../arm-none-eabi/lib/thumb/v7e-m/fpv4-sp/hard\libc_nano.a(lib_a-impure.o)
                0x0000000020000078                . = ALIGN (0x4)
                0x0000000020000078                _edata = .

.igot.plt       0x0000000020000078        0x0 load address 0x0000000008007934
 .igot.plt      0x0000000020000078        0x0 c:/st/stm32cubeide_1.3.0/stm32cubeide/plugins/com.st.stm32cube.ide.mcu.externaltools.gnu-tools-for-stm32.7-2018-q2-update.win32_1.4.0.202007081208/tools/bin/../lib/gcc/arm-none-eabi/7.3.1/thumb/v7e-m/fpv4-sp/hard/crtbegin.o
                0x0000000020000078                . = ALIGN (0x4)

.bss            0x0000000020000078     0x41a8 load address 0x0000000008007934
                0x0000000020000078                _sbss = .
                0x0000000020000078                __bss_start__ = _sbss
 *(.bss)
 .bss           0x0000000020000078       0x1c c:/st/stm32cubeide_1.3.0/stm32cubeide/plugins/com.st.stm32cube.ide.mcu.externaltools.gnu-tools-for-stm32.7-2018-q2-update.win32_1.4.0.202007081208/tools/bin/../lib/gcc/arm-none-eabi/7.3.1/thumb/v7e-m/fpv4-sp/hard/crtbegin.o
 *(.bss*)
 .bss._ZZN13STM32Hardware5flushEvE5mutex
                0x0000000020000094        0x1 APP/Src/Task/ROSComms/ROSComms.o
                0x0000000020000094                STM32Hardware::flush()::mutex
 *fill*         0x0000000020000095        0x3 
 .bss.xIdleTaskTCBBuffer
                0x0000000020000098       0x54 Core/Src/freertos.o
 .bss.xIdleStack
                0x00000000200000ec      0x200 Core/Src/freertos.o
 .bss.__sbrk_heap_end
                0x00000000200002ec        0x4 Core/Src/sysmem.o
 .bss.pxCurrentTCB
                0x00000000200002f0        0x4 Middlewares/Third_Party/FreeRTOS/Source/tasks.o
                0x00000000200002f0                pxCurrentTCB
 .bss.pxReadyTasksLists
                0x00000000200002f4       0x8c Middlewares/Third_Party/FreeRTOS/Source/tasks.o
 .bss.xDelayedTaskList1
                0x0000000020000380       0x14 Middlewares/Third_Party/FreeRTOS/Source/tasks.o
 .bss.xDelayedTaskList2
                0x0000000020000394       0x14 Middlewares/Third_Party/FreeRTOS/Source/tasks.o
 .bss.pxDelayedTaskList
                0x00000000200003a8        0x4 Middlewares/Third_Party/FreeRTOS/Source/tasks.o
 .bss.pxOverflowDelayedTaskList
                0x00000000200003ac        0x4 Middlewares/Third_Party/FreeRTOS/Source/tasks.o
 .bss.xPendingReadyList
                0x00000000200003b0       0x14 Middlewares/Third_Party/FreeRTOS/Source/tasks.o
 .bss.xTasksWaitingTermination
                0x00000000200003c4       0x14 Middlewares/Third_Party/FreeRTOS/Source/tasks.o
 .bss.uxDeletedTasksWaitingCleanUp
                0x00000000200003d8        0x4 Middlewares/Third_Party/FreeRTOS/Source/tasks.o
 .bss.xSuspendedTaskList
                0x00000000200003dc       0x14 Middlewares/Third_Party/FreeRTOS/Source/tasks.o
 .bss.uxCurrentNumberOfTasks
                0x00000000200003f0        0x4 Middlewares/Third_Party/FreeRTOS/Source/tasks.o
 .bss.xTickCount
                0x00000000200003f4        0x4 Middlewares/Third_Party/FreeRTOS/Source/tasks.o
 .bss.uxTopReadyPriority
                0x00000000200003f8        0x4 Middlewares/Third_Party/FreeRTOS/Source/tasks.o
 .bss.xSchedulerRunning
                0x00000000200003fc        0x4 Middlewares/Third_Party/FreeRTOS/Source/tasks.o
 .bss.uxPendedTicks
                0x0000000020000400        0x4 Middlewares/Third_Party/FreeRTOS/Source/tasks.o
 .bss.xYieldPending
                0x0000000020000404        0x4 Middlewares/Third_Party/FreeRTOS/Source/tasks.o
 .bss.xNumOfOverflows
                0x0000000020000408        0x4 Middlewares/Third_Party/FreeRTOS/Source/tasks.o
 .bss.uxTaskNumber
                0x000000002000040c        0x4 Middlewares/Third_Party/FreeRTOS/Source/tasks.o
 .bss.xNextTaskUnblockTime
                0x0000000020000410        0x4 Middlewares/Third_Party/FreeRTOS/Source/tasks.o
 .bss.xIdleTaskHandle
                0x0000000020000414        0x4 Middlewares/Third_Party/FreeRTOS/Source/tasks.o
 .bss.uxSchedulerSuspended
                0x0000000020000418        0x4 Middlewares/Third_Party/FreeRTOS/Source/tasks.o
 .bss.ucMaxSysCallPriority
                0x000000002000041c        0x1 Middlewares/Third_Party/FreeRTOS/Source/portable/GCC/ARM_CM4F/port.o
 *fill*         0x000000002000041d        0x3 
 .bss.ulMaxPRIGROUPValue
                0x0000000020000420        0x4 Middlewares/Third_Party/FreeRTOS/Source/portable/GCC/ARM_CM4F/port.o
 .bss.ucHeap    0x0000000020000424     0x3c00 Middlewares/Third_Party/FreeRTOS/Source/portable/MemMang/heap_4.o
 .bss.xStart    0x0000000020004024        0x8 Middlewares/Third_Party/FreeRTOS/Source/portable/MemMang/heap_4.o
 .bss.pxEnd     0x000000002000402c        0x4 Middlewares/Third_Party/FreeRTOS/Source/portable/MemMang/heap_4.o
 .bss.xFreeBytesRemaining
                0x0000000020004030        0x4 Middlewares/Third_Party/FreeRTOS/Source/portable/MemMang/heap_4.o
 .bss.xMinimumEverFreeBytesRemaining
                0x0000000020004034        0x4 Middlewares/Third_Party/FreeRTOS/Source/portable/MemMang/heap_4.o
 .bss.xBlockAllocatedBit
                0x0000000020004038        0x4 Middlewares/Third_Party/FreeRTOS/Source/portable/MemMang/heap_4.o
 .bss.__malloc_free_list
                0x000000002000403c        0x4 c:/st/stm32cubeide_1.3.0/stm32cubeide/plugins/com.st.stm32cube.ide.mcu.externaltools.gnu-tools-for-stm32.7-2018-q2-update.win32_1.4.0.202007081208/tools/bin/../lib/gcc/arm-none-eabi/7.3.1/../../../../arm-none-eabi/lib/thumb/v7e-m/fpv4-sp/hard\libc_nano.a(lib_a-nano-mallocr.o)
                0x000000002000403c                __malloc_free_list
 .bss.__malloc_sbrk_start
                0x0000000020004040        0x4 c:/st/stm32cubeide_1.3.0/stm32cubeide/plugins/com.st.stm32cube.ide.mcu.externaltools.gnu-tools-for-stm32.7-2018-q2-update.win32_1.4.0.202007081208/tools/bin/../lib/gcc/arm-none-eabi/7.3.1/../../../../arm-none-eabi/lib/thumb/v7e-m/fpv4-sp/hard\libc_nano.a(lib_a-nano-mallocr.o)
                0x0000000020004040                __malloc_sbrk_start
 *(COMMON)
 COMMON         0x0000000020004044       0x14 Core/Src/freertos.o
                0x0000000020004044                defaultTaskHandle
                0x0000000020004048                taskPID3Handle
                0x000000002000404c                taskPID1Handle
                0x0000000020004050                ROSCommsHandle
                0x0000000020004054                taskPID2Handle
 COMMON         0x0000000020004058       0x40 Core/Src/stm32f4xx_hal_timebase_tim.o
                0x0000000020004058                htim1
 COMMON         0x0000000020004098       0x80 Core/Src/tim.o
                0x0000000020004098                htim4
                0x00000000200040d8                htim2
 COMMON         0x0000000020004118      0x100 Core/Src/usart.o
                0x0000000020004118                hdma_usart2_rx
                0x0000000020004178                hdma_usart2_tx
                0x00000000200041d8                huart2
 COMMON         0x0000000020004218        0x4 Drivers/STM32F4xx_HAL_Driver/Src/stm32f4xx_hal.o
                0x0000000020004218                uwTick
 COMMON         0x000000002000421c        0x4 c:/st/stm32cubeide_1.3.0/stm32cubeide/plugins/com.st.stm32cube.ide.mcu.externaltools.gnu-tools-for-stm32.7-2018-q2-update.win32_1.4.0.202007081208/tools/bin/../lib/gcc/arm-none-eabi/7.3.1/../../../../arm-none-eabi/lib/thumb/v7e-m/fpv4-sp/hard\libc_nano.a(lib_a-reent.o)
                0x000000002000421c                errno
                0x0000000020004220                . = ALIGN (0x4)
                0x0000000020004220                _ebss = .
                0x0000000020004220                __bss_end__ = _ebss

._user_heap_stack
                0x0000000020004220      0x600 load address 0x0000000008007934
                0x0000000020004220                . = ALIGN (0x8)
                [!provide]                        PROVIDE (end = .)
                0x0000000020004220                PROVIDE (_end = .)
                0x0000000020004420                . = (. + _Min_Heap_Size)
 *fill*         0x0000000020004220      0x200 
                0x0000000020004820                . = (. + _Min_Stack_Size)
 *fill*         0x0000000020004420      0x400 
                0x0000000020004820                . = ALIGN (0x8)

/DISCARD/
 libc.a(*)
 libm.a(*)
 libgcc.a(*)

.ARM.attributes
                0x0000000000000000       0x30
 *(.ARM.attributes)
 .ARM.attributes
                0x0000000000000000       0x22 c:/st/stm32cubeide_1.3.0/stm32cubeide/plugins/com.st.stm32cube.ide.mcu.externaltools.gnu-tools-for-stm32.7-2018-q2-update.win32_1.4.0.202007081208/tools/bin/../lib/gcc/arm-none-eabi/7.3.1/thumb/v7e-m/fpv4-sp/hard/crti.o
 .ARM.attributes
                0x0000000000000022       0x34 c:/st/stm32cubeide_1.3.0/stm32cubeide/plugins/com.st.stm32cube.ide.mcu.externaltools.gnu-tools-for-stm32.7-2018-q2-update.win32_1.4.0.202007081208/tools/bin/../lib/gcc/arm-none-eabi/7.3.1/thumb/v7e-m/fpv4-sp/hard/crtbegin.o
 .ARM.attributes
                0x0000000000000056       0x39 APP/Inc/ROSSerial/time.o
 .ARM.attributes
                0x000000000000008f       0x39 APP/Src/Task/ROSComms/ROSComms.o
 .ARM.attributes
                0x00000000000000c8       0x39 Core/Src/dma.o
 .ARM.attributes
                0x0000000000000101       0x39 Core/Src/freertos.o
 .ARM.attributes
                0x000000000000013a       0x39 Core/Src/gpio.o
 .ARM.attributes
                0x0000000000000173       0x39 Core/Src/main.o
 .ARM.attributes
                0x00000000000001ac       0x39 Core/Src/stm32f4xx_hal_msp.o
 .ARM.attributes
                0x00000000000001e5       0x39 Core/Src/stm32f4xx_hal_timebase_tim.o
 .ARM.attributes
                0x000000000000021e       0x39 Core/Src/stm32f4xx_it.o
 .ARM.attributes
                0x0000000000000257       0x39 Core/Src/syscalls.o
 .ARM.attributes
                0x0000000000000290       0x39 Core/Src/sysmem.o
 .ARM.attributes
                0x00000000000002c9       0x39 Core/Src/system_stm32f4xx.o
 .ARM.attributes
                0x0000000000000302       0x39 Core/Src/tim.o
 .ARM.attributes
                0x000000000000033b       0x39 Core/Src/usart.o
 .ARM.attributes
                0x0000000000000374       0x21 Core/Startup/startup_stm32f407vgtx.o
 .ARM.attributes
                0x0000000000000395       0x39 Drivers/STM32F4xx_HAL_Driver/Src/stm32f4xx_hal.o
 .ARM.attributes
                0x00000000000003ce       0x39 Drivers/STM32F4xx_HAL_Driver/Src/stm32f4xx_hal_cortex.o
 .ARM.attributes
                0x0000000000000407       0x39 Drivers/STM32F4xx_HAL_Driver/Src/stm32f4xx_hal_dma.o
 .ARM.attributes
                0x0000000000000440       0x39 Drivers/STM32F4xx_HAL_Driver/Src/stm32f4xx_hal_gpio.o
 .ARM.attributes
                0x0000000000000479       0x39 Drivers/STM32F4xx_HAL_Driver/Src/stm32f4xx_hal_rcc.o
 .ARM.attributes
                0x00000000000004b2       0x39 Drivers/STM32F4xx_HAL_Driver/Src/stm32f4xx_hal_tim.o
 .ARM.attributes
                0x00000000000004eb       0x39 Drivers/STM32F4xx_HAL_Driver/Src/stm32f4xx_hal_tim_ex.o
 .ARM.attributes
                0x0000000000000524       0x39 Drivers/STM32F4xx_HAL_Driver/Src/stm32f4xx_hal_uart.o
 .ARM.attributes
                0x000000000000055d       0x39 Middlewares/Third_Party/FreeRTOS/Source/CMSIS_RTOS/cmsis_os.o
 .ARM.attributes
                0x0000000000000596       0x39 Middlewares/Third_Party/FreeRTOS/Source/list.o
 .ARM.attributes
                0x00000000000005cf       0x39 Middlewares/Third_Party/FreeRTOS/Source/tasks.o
 .ARM.attributes
                0x0000000000000608       0x39 Middlewares/Third_Party/FreeRTOS/Source/portable/GCC/ARM_CM4F/port.o
 .ARM.attributes
                0x0000000000000641       0x39 Middlewares/Third_Party/FreeRTOS/Source/portable/MemMang/heap_4.o
 .ARM.attributes
                0x000000000000067a       0x34 c:/st/stm32cubeide_1.3.0/stm32cubeide/plugins/com.st.stm32cube.ide.mcu.externaltools.gnu-tools-for-stm32.7-2018-q2-update.win32_1.4.0.202007081208/tools/bin/../lib/gcc/arm-none-eabi/7.3.1/../../../../arm-none-eabi/lib/thumb/v7e-m/fpv4-sp/hard\libstdc++_nano.a(pure.o)
 .ARM.attributes
                0x00000000000006ae       0x34 c:/st/stm32cubeide_1.3.0/stm32cubeide/plugins/com.st.stm32cube.ide.mcu.externaltools.gnu-tools-for-stm32.7-2018-q2-update.win32_1.4.0.202007081208/tools/bin/../lib/gcc/arm-none-eabi/7.3.1/../../../../arm-none-eabi/lib/thumb/v7e-m/fpv4-sp/hard\libstdc++_nano.a(eh_terminate.o)
 .ARM.attributes
                0x00000000000006e2       0x34 c:/st/stm32cubeide_1.3.0/stm32cubeide/plugins/com.st.stm32cube.ide.mcu.externaltools.gnu-tools-for-stm32.7-2018-q2-update.win32_1.4.0.202007081208/tools/bin/../lib/gcc/arm-none-eabi/7.3.1/../../../../arm-none-eabi/lib/thumb/v7e-m/fpv4-sp/hard\libstdc++_nano.a(eh_term_handler.o)
 .ARM.attributes
                0x0000000000000716       0x34 c:/st/stm32cubeide_1.3.0/stm32cubeide/plugins/com.st.stm32cube.ide.mcu.externaltools.gnu-tools-for-stm32.7-2018-q2-update.win32_1.4.0.202007081208/tools/bin/../lib/gcc/arm-none-eabi/7.3.1/../../../../arm-none-eabi/lib/thumb/v7e-m/fpv4-sp/hard\libc_nano.a(lib_a-abort.o)
 .ARM.attributes
                0x000000000000074a       0x34 c:/st/stm32cubeide_1.3.0/stm32cubeide/plugins/com.st.stm32cube.ide.mcu.externaltools.gnu-tools-for-stm32.7-2018-q2-update.win32_1.4.0.202007081208/tools/bin/../lib/gcc/arm-none-eabi/7.3.1/../../../../arm-none-eabi/lib/thumb/v7e-m/fpv4-sp/hard\libc_nano.a(lib_a-errno.o)
 .ARM.attributes
                0x000000000000077e       0x34 c:/st/stm32cubeide_1.3.0/stm32cubeide/plugins/com.st.stm32cube.ide.mcu.externaltools.gnu-tools-for-stm32.7-2018-q2-update.win32_1.4.0.202007081208/tools/bin/../lib/gcc/arm-none-eabi/7.3.1/../../../../arm-none-eabi/lib/thumb/v7e-m/fpv4-sp/hard\libc_nano.a(lib_a-impure.o)
 .ARM.attributes
                0x00000000000007b2       0x34 c:/st/stm32cubeide_1.3.0/stm32cubeide/plugins/com.st.stm32cube.ide.mcu.externaltools.gnu-tools-for-stm32.7-2018-q2-update.win32_1.4.0.202007081208/tools/bin/../lib/gcc/arm-none-eabi/7.3.1/../../../../arm-none-eabi/lib/thumb/v7e-m/fpv4-sp/hard\libc_nano.a(lib_a-init.o)
 .ARM.attributes
                0x00000000000007e6       0x34 c:/st/stm32cubeide_1.3.0/stm32cubeide/plugins/com.st.stm32cube.ide.mcu.externaltools.gnu-tools-for-stm32.7-2018-q2-update.win32_1.4.0.202007081208/tools/bin/../lib/gcc/arm-none-eabi/7.3.1/../../../../arm-none-eabi/lib/thumb/v7e-m/fpv4-sp/hard\libc_nano.a(lib_a-memcpy-stub.o)
 .ARM.attributes
                0x000000000000081a       0x34 c:/st/stm32cubeide_1.3.0/stm32cubeide/plugins/com.st.stm32cube.ide.mcu.externaltools.gnu-tools-for-stm32.7-2018-q2-update.win32_1.4.0.202007081208/tools/bin/../lib/gcc/arm-none-eabi/7.3.1/../../../../arm-none-eabi/lib/thumb/v7e-m/fpv4-sp/hard\libc_nano.a(lib_a-memset.o)
 .ARM.attributes
                0x000000000000084e       0x34 c:/st/stm32cubeide_1.3.0/stm32cubeide/plugins/com.st.stm32cube.ide.mcu.externaltools.gnu-tools-for-stm32.7-2018-q2-update.win32_1.4.0.202007081208/tools/bin/../lib/gcc/arm-none-eabi/7.3.1/../../../../arm-none-eabi/lib/thumb/v7e-m/fpv4-sp/hard\libc_nano.a(lib_a-realloc.o)
 .ARM.attributes
                0x0000000000000882       0x34 c:/st/stm32cubeide_1.3.0/stm32cubeide/plugins/com.st.stm32cube.ide.mcu.externaltools.gnu-tools-for-stm32.7-2018-q2-update.win32_1.4.0.202007081208/tools/bin/../lib/gcc/arm-none-eabi/7.3.1/../../../../arm-none-eabi/lib/thumb/v7e-m/fpv4-sp/hard\libc_nano.a(lib_a-signal.o)
 .ARM.attributes
                0x00000000000008b6       0x34 c:/st/stm32cubeide_1.3.0/stm32cubeide/plugins/com.st.stm32cube.ide.mcu.externaltools.gnu-tools-for-stm32.7-2018-q2-update.win32_1.4.0.202007081208/tools/bin/../lib/gcc/arm-none-eabi/7.3.1/../../../../arm-none-eabi/lib/thumb/v7e-m/fpv4-sp/hard\libc_nano.a(lib_a-signalr.o)
 .ARM.attributes
                0x00000000000008ea       0x1b c:/st/stm32cubeide_1.3.0/stm32cubeide/plugins/com.st.stm32cube.ide.mcu.externaltools.gnu-tools-for-stm32.7-2018-q2-update.win32_1.4.0.202007081208/tools/bin/../lib/gcc/arm-none-eabi/7.3.1/../../../../arm-none-eabi/lib/thumb/v7e-m/fpv4-sp/hard\libc_nano.a(lib_a-strlen.o)
 .ARM.attributes
                0x0000000000000905       0x34 c:/st/stm32cubeide_1.3.0/stm32cubeide/plugins/com.st.stm32cube.ide.mcu.externaltools.gnu-tools-for-stm32.7-2018-q2-update.win32_1.4.0.202007081208/tools/bin/../lib/gcc/arm-none-eabi/7.3.1/../../../../arm-none-eabi/lib/thumb/v7e-m/fpv4-sp/hard\libc_nano.a(lib_a-nano-mallocr.o)
 .ARM.attributes
                0x0000000000000939       0x34 c:/st/stm32cubeide_1.3.0/stm32cubeide/plugins/com.st.stm32cube.ide.mcu.externaltools.gnu-tools-for-stm32.7-2018-q2-update.win32_1.4.0.202007081208/tools/bin/../lib/gcc/arm-none-eabi/7.3.1/../../../../arm-none-eabi/lib/thumb/v7e-m/fpv4-sp/hard\libc_nano.a(lib_a-nano-reallocr.o)
 .ARM.attributes
                0x000000000000096d       0x34 c:/st/stm32cubeide_1.3.0/stm32cubeide/plugins/com.st.stm32cube.ide.mcu.externaltools.gnu-tools-for-stm32.7-2018-q2-update.win32_1.4.0.202007081208/tools/bin/../lib/gcc/arm-none-eabi/7.3.1/../../../../arm-none-eabi/lib/thumb/v7e-m/fpv4-sp/hard\libc_nano.a(lib_a-reent.o)
 .ARM.attributes
                0x00000000000009a1       0x34 c:/st/stm32cubeide_1.3.0/stm32cubeide/plugins/com.st.stm32cube.ide.mcu.externaltools.gnu-tools-for-stm32.7-2018-q2-update.win32_1.4.0.202007081208/tools/bin/../lib/gcc/arm-none-eabi/7.3.1/../../../../arm-none-eabi/lib/thumb/v7e-m/fpv4-sp/hard\libc_nano.a(lib_a-sbrkr.o)
 .ARM.attributes
                0x00000000000009d5       0x34 c:/st/stm32cubeide_1.3.0/stm32cubeide/plugins/com.st.stm32cube.ide.mcu.externaltools.gnu-tools-for-stm32.7-2018-q2-update.win32_1.4.0.202007081208/tools/bin/../lib/gcc/arm-none-eabi/7.3.1/../../../../arm-none-eabi/lib/thumb/v7e-m/fpv4-sp/hard\libc_nano.a(lib_a-mlock.o)
 .ARM.attributes
                0x0000000000000a09       0x34 c:/st/stm32cubeide_1.3.0/stm32cubeide/plugins/com.st.stm32cube.ide.mcu.externaltools.gnu-tools-for-stm32.7-2018-q2-update.win32_1.4.0.202007081208/tools/bin/../lib/gcc/arm-none-eabi/7.3.1/../../../../arm-none-eabi/lib/thumb/v7e-m/fpv4-sp/hard\libc_nano.a(lib_a-nano-freer.o)
 .ARM.attributes
                0x0000000000000a3d       0x34 c:/st/stm32cubeide_1.3.0/stm32cubeide/plugins/com.st.stm32cube.ide.mcu.externaltools.gnu-tools-for-stm32.7-2018-q2-update.win32_1.4.0.202007081208/tools/bin/../lib/gcc/arm-none-eabi/7.3.1/../../../../arm-none-eabi/lib/thumb/v7e-m/fpv4-sp/hard\libc_nano.a(lib_a-nano-msizer.o)
 .ARM.attributes
                0x0000000000000a71       0x22 c:/st/stm32cubeide_1.3.0/stm32cubeide/plugins/com.st.stm32cube.ide.mcu.externaltools.gnu-tools-for-stm32.7-2018-q2-update.win32_1.4.0.202007081208/tools/bin/../lib/gcc/arm-none-eabi/7.3.1/thumb/v7e-m/fpv4-sp/hard\libgcc.a(_aeabi_uldivmod.o)
 .ARM.attributes
                0x0000000000000a93       0x34 c:/st/stm32cubeide_1.3.0/stm32cubeide/plugins/com.st.stm32cube.ide.mcu.externaltools.gnu-tools-for-stm32.7-2018-q2-update.win32_1.4.0.202007081208/tools/bin/../lib/gcc/arm-none-eabi/7.3.1/thumb/v7e-m/fpv4-sp/hard\libgcc.a(_udivmoddi4.o)
 .ARM.attributes
                0x0000000000000ac7       0x22 c:/st/stm32cubeide_1.3.0/stm32cubeide/plugins/com.st.stm32cube.ide.mcu.externaltools.gnu-tools-for-stm32.7-2018-q2-update.win32_1.4.0.202007081208/tools/bin/../lib/gcc/arm-none-eabi/7.3.1/thumb/v7e-m/fpv4-sp/hard\libgcc.a(_dvmd_tls.o)
 .ARM.attributes
                0x0000000000000ae9       0x22 c:/st/stm32cubeide_1.3.0/stm32cubeide/plugins/com.st.stm32cube.ide.mcu.externaltools.gnu-tools-for-stm32.7-2018-q2-update.win32_1.4.0.202007081208/tools/bin/../lib/gcc/arm-none-eabi/7.3.1/thumb/v7e-m/fpv4-sp/hard/crtn.o
OUTPUT(3ARA-Firmware.elf elf32-littlearm)

.debug_info     0x0000000000000000    0x19ddd
 .debug_info    0x0000000000000000     0x14a1 APP/Inc/ROSSerial/time.o
 .debug_info    0x00000000000014a1     0x469d APP/Src/Task/ROSComms/ROSComms.o
 .debug_info    0x0000000000005b3e      0x56a Core/Src/dma.o
 .debug_info    0x00000000000060a8      0x66c Core/Src/freertos.o
 .debug_info    0x0000000000006714      0x4e4 Core/Src/gpio.o
 .debug_info    0x0000000000006bf8      0xc37 Core/Src/main.o
 .debug_info    0x000000000000782f      0x362 Core/Src/stm32f4xx_hal_msp.o
 .debug_info    0x0000000000007b91      0xb2d Core/Src/stm32f4xx_hal_timebase_tim.o
 .debug_info    0x00000000000086be      0x918 Core/Src/stm32f4xx_it.o
 .debug_info    0x0000000000008fd6      0xebd Core/Src/syscalls.o
 .debug_info    0x0000000000009e93      0x985 Core/Src/sysmem.o
 .debug_info    0x000000000000a818      0x554 Core/Src/system_stm32f4xx.o
 .debug_info    0x000000000000ad6c      0xbeb Core/Src/tim.o
 .debug_info    0x000000000000b957      0xb90 Core/Src/usart.o
 .debug_info    0x000000000000c4e7       0x22 Core/Startup/startup_stm32f407vgtx.o
 .debug_info    0x000000000000c509      0x945 Drivers/STM32F4xx_HAL_Driver/Src/stm32f4xx_hal.o
 .debug_info    0x000000000000ce4e      0xe28 Drivers/STM32F4xx_HAL_Driver/Src/stm32f4xx_hal_cortex.o
 .debug_info    0x000000000000dc76      0x968 Drivers/STM32F4xx_HAL_Driver/Src/stm32f4xx_hal_dma.o
 .debug_info    0x000000000000e5de      0x7b5 Drivers/STM32F4xx_HAL_Driver/Src/stm32f4xx_hal_gpio.o
 .debug_info    0x000000000000ed93      0x904 Drivers/STM32F4xx_HAL_Driver/Src/stm32f4xx_hal_rcc.o
 .debug_info    0x000000000000f697     0x24a9 Drivers/STM32F4xx_HAL_Driver/Src/stm32f4xx_hal_tim.o
 .debug_info    0x0000000000011b40     0x1157 Drivers/STM32F4xx_HAL_Driver/Src/stm32f4xx_hal_tim_ex.o
 .debug_info    0x0000000000012c97     0x124c Drivers/STM32F4xx_HAL_Driver/Src/stm32f4xx_hal_uart.o
 .debug_info    0x0000000000013ee3     0x1e7e Middlewares/Third_Party/FreeRTOS/Source/CMSIS_RTOS/cmsis_os.o
 .debug_info    0x0000000000015d61      0xacb Middlewares/Third_Party/FreeRTOS/Source/list.o
 .debug_info    0x000000000001682c     0x2494 Middlewares/Third_Party/FreeRTOS/Source/tasks.o
 .debug_info    0x0000000000018cc0      0x533 Middlewares/Third_Party/FreeRTOS/Source/portable/GCC/ARM_CM4F/port.o
 .debug_info    0x00000000000191f3      0xbea Middlewares/Third_Party/FreeRTOS/Source/portable/MemMang/heap_4.o

.debug_abbrev   0x0000000000000000     0x3bb6
 .debug_abbrev  0x0000000000000000      0x39b APP/Inc/ROSSerial/time.o
 .debug_abbrev  0x000000000000039b      0x74c APP/Src/Task/ROSComms/ROSComms.o
 .debug_abbrev  0x0000000000000ae7      0x107 Core/Src/dma.o
 .debug_abbrev  0x0000000000000bee      0x177 Core/Src/freertos.o
 .debug_abbrev  0x0000000000000d65      0x134 Core/Src/gpio.o
 .debug_abbrev  0x0000000000000e99      0x1b7 Core/Src/main.o
 .debug_abbrev  0x0000000000001050      0x109 Core/Src/stm32f4xx_hal_msp.o
 .debug_abbrev  0x0000000000001159      0x19d Core/Src/stm32f4xx_hal_timebase_tim.o
 .debug_abbrev  0x00000000000012f6      0x15a Core/Src/stm32f4xx_it.o
 .debug_abbrev  0x0000000000001450      0x261 Core/Src/syscalls.o
 .debug_abbrev  0x00000000000016b1      0x19b Core/Src/sysmem.o