16:29:13 **** Incremental Build of configuration Debug for project 3ARA-Firmware ****
make -j4 all 
arm-none-eabi-gcc "../Core/Src/freertos.c" -mcpu=cortex-m4 -std=gnu11 -g3 -DUSE_HAL_DRIVER -DDEBUG -DSTM32F407xx -c -I../Core/Inc -I../Drivers/STM32F4xx_HAL_Driver/Inc -I../Drivers/STM32F4xx_HAL_Driver/Inc/Legacy -I../Drivers/CMSIS/Device/ST/STM32F4xx/Include -I../Drivers/CMSIS/Include -I../Middlewares/Third_Party/FreeRTOS/Source/include -I../Middlewares/Third_Party/FreeRTOS/Source/CMSIS_RTOS -I../Middlewares/Third_Party/FreeRTOS/Source/portable/GCC/ARM_CM4F -I"G:/Repositorios/3ARA_Firmware/3ARA-Firmware/APP/Inc" -O0 -ffunction-sections -fdata-sections -Wall -fstack-usage -MMD -MP -MF"Core/Src/freertos.d" -MT"Core/Src/freertos.o" --specs=nano.specs -mfpu=fpv4-sp-d16 -mfloat-abi=hard -mthumb -o "Core/Src/freertos.o"
arm-none-eabi-g++ -o "3ARA-Firmware.elf" @"objects.list"   -mcpu=cortex-m4 -T"G:\Repositorios\3ARA_Firmware\3ARA-Firmware\STM32F407VGTX_FLASH.ld" --specs=nosys.specs -Wl,-Map="3ARA-Firmware.map" -Wl,--gc-sections -static --specs=nano.specs -mfpu=fpv4-sp-d16 -mfloat-abi=hard -mthumb -Wl,--start-group -lc -lm -lstdc++ -lsupc++ -Wl,--end-group
Finished building target: 3ARA-Firmware.elf
 
arm-none-eabi-objdump -h -S  3ARA-Firmware.elf  > "3ARA-Firmware.list"
arm-none-eabi-objcopy  -O binary  3ARA-Firmware.elf  "3ARA-Firmware.bin"
arm-none-eabi-size   3ARA-Firmware.elf 
   text	   data	    bss	    dec	    hex	filename
  26788	     28	  18196	  45012	   afd4	3ARA-Firmware.elf
Finished building: default.size.stdout
Finished building: 3ARA-Firmware.bin
 
 
Finished building: 3ARA-Firmware.list
 

16:29:16 Build Finished. 0 errors, 0 warnings. (took 2s.679ms)

